[2026-04-26 19:45:56] [INFO] Pi flight software starting
[2026-04-26 19:45:56] [INFO] Pi flight running with local Jetson transport
[2026-04-26 19:45:56] [INFO] cycle=0 source=119.6 bus=53.0 noncompute=44.0 compute=41.7 jetson_allow=37.7 mode=0 cooldown=0 adcs=TRACKER_DEGRADED err_truth=1.763 err_est=0.044 conf=0.10 valid=0 stars=18 comms=READY backlog=0 jetson_mode=IDLE job=none
[2026-04-26 19:45:56] [INFO] cycle=1 source=119.2 bus=53.0 noncompute=44.0 compute=41.4 jetson_allow=37.4 mode=0 cooldown=0 adcs=TRACKER_DEGRADED err_truth=1.821 err_est=0.101 conf=0.24 valid=0 stars=8 comms=READY backlog=0 jetson_mode=IDLE job=none
[2026-04-26 19:45:57] [INFO] captured dataset_0 (1336x1336) stages=4
[2026-04-26 19:45:57] [INFO] cycle=2 source=118.9 bus=66.1 noncompute=43.1 compute=41.9 jetson_allow=33.9 mode=0 cooldown=0 adcs=CORRECTING err_truth=1.890 err_est=0.265 conf=0.68 valid=1 stars=17 comms=READY backlog=0 jetson_mode=ACTIVE job=refine
[2026-04-26 19:45:57] [INFO] cycle=3 source=118.7 bus=50.1 noncompute=37.1 compute=46.2 jetson_allow=38.2 mode=0 cooldown=0 adcs=TRACKER_DEGRADED err_truth=1.965 err_est=0.340 conf=0.39 valid=0 stars=14 comms=DOWNLINK backlog=778672 jetson_mode=THROTTLED job=none
[2026-04-26 19:45:57] [INFO] cycle=4 source=118.6 bus=50.1 noncompute=37.1 compute=46.1 jetson_allow=38.1 mode=0 cooldown=0 adcs=TRACKER_DEGRADED err_truth=2.043 err_est=0.419 conf=0.37 valid=0 stars=11 comms=DOWNLINK backlog=770672 jetson_mode=THROTTLED job=none
[2026-04-26 19:45:57] [INFO] cycle=5 source=118.6 bus=53.1 noncompute=40.1 compute=43.9 jetson_allow=35.9 mode=0 cooldown=0 adcs=CORRECTING err_truth=2.123 err_est=0.563 conf=0.49 valid=1 stars=16 comms=DOWNLINK backlog=762672 jetson_mode=THROTTLED job=none
[2026-04-26 19:45:57] [INFO] cycle=6 source=118.8 bus=53.1 noncompute=40.1 compute=44.0 jetson_allow=36.0 mode=0 cooldown=0 adcs=CORRECTING err_truth=2.202 err_est=0.720 conf=0.63 valid=1 stars=23 comms=DOWNLINK backlog=754672 jetson_mode=THROTTLED job=none
[2026-04-26 19:45:57] [INFO] cycle=7 source=119.1 bus=52.2 noncompute=29.2 compute=52.5 jetson_allow=44.5 mode=0 cooldown=0 adcs=CORRECTING err_truth=2.276 err_est=0.850 conf=0.46 valid=1 stars=12 comms=STANDBY backlog=754672 jetson_mode=ACTIVE job=refine
[2026-04-26 19:45:57] [INFO] cycle=8 source=119.6 bus=52.2 noncompute=29.2 compute=52.8 jetson_allow=44.8 mode=0 cooldown=0 adcs=CORRECTING err_truth=2.346 err_est=0.972 conf=0.45 valid=1 stars=12 comms=STANDBY backlog=3900640 jetson_mode=ACTIVE job=refine
[2026-04-26 19:45:57] [INFO] cycle=9 source=120.2 bus=47.2 noncompute=29.2 compute=53.2 jetson_allow=45.2 mode=1 cooldown=0 adcs=CORRECTING err_truth=2.408 err_est=1.097 conf=0.57 valid=1 stars=15 comms=STANDBY backlog=16483792 jetson_mode=ACTIVE job=coarse
[2026-04-26 19:45:57] [INFO] cycle=10 source=120.9 bus=39.3 noncompute=26.3 compute=56.0 jetson_allow=48.0 mode=1 cooldown=0 adcs=TRACKER_DEGRADED err_truth=2.463 err_est=1.152 conf=0.27 valid=0 stars=8 comms=STANDBY backlog=41649752 jetson_mode=IDLE job=none
[2026-04-26 19:45:57] [INFO] cycle=11 source=121.8 bus=39.3 noncompute=26.3 compute=56.7 jetson_allow=48.7 mode=1 cooldown=0 adcs=TRACKER_DEGRADED err_truth=2.511 err_est=1.200 conf=0.33 valid=0 stars=9 comms=STANDBY backlog=41649752 jetson_mode=IDLE job=none
[2026-04-26 19:45:57] [INFO] cycle=12 source=122.8 bus=42.3 noncompute=29.3 compute=55.1 jetson_allow=47.1 mode=1 cooldown=0 adcs=CORRECTING err_truth=2.552 err_est=1.340 conf=0.95 valid=1 stars=24 comms=STANDBY backlog=41649752 jetson_mode=IDLE job=none
[2026-04-26 19:45:57] [INFO] cycle=13 source=123.8 bus=39.3 noncompute=26.3 compute=58.1 jetson_allow=50.1 mode=1 cooldown=0 adcs=TRACKER_DEGRADED err_truth=2.585 err_est=1.373 conf=0.18 valid=0 stars=10 comms=STANDBY backlog=41649752 jetson_mode=IDLE job=none
[2026-04-26 19:45:57] [INFO] cycle=14 source=124.9 bus=42.4 noncompute=29.4 compute=56.6 jetson_allow=48.6 mode=1 cooldown=0 adcs=CORRECTING err_truth=2.611 err_est=1.461 conf=0.63 valid=1 stars=16 comms=STANDBY backlog=41649752 jetson_mode=IDLE job=none
[2026-04-26 19:45:57] [INFO] cycle=15 source=126.0 bus=39.4 noncompute=26.4 compute=59.7 jetson_allow=51.7 mode=1 cooldown=0 adcs=TRACKER_DEGRADED err_truth=2.629 err_est=1.479 conf=0.10 valid=0 stars=8 comms=STANDBY backlog=41649752 jetson_mode=IDLE job=none
[2026-04-26 19:45:57] [INFO] cycle=16 source=127.0 bus=39.4 noncompute=26.4 compute=60.5 jetson_allow=52.5 mode=1 cooldown=0 adcs=TRACKER_DEGRADED err_truth=2.641 err_est=1.490 conf=0.25 valid=0 stars=7 comms=STANDBY backlog=41649752 jetson_mode=IDLE job=none
[2026-04-26 19:45:57] [INFO] cycle=17 source=128.0 bus=42.4 noncompute=29.4 compute=58.9 jetson_allow=50.9 mode=1 cooldown=0 adcs=CORRECTING err_truth=2.648 err_est=1.542 conf=0.48 valid=1 stars=13 comms=STANDBY backlog=41649752 jetson_mode=IDLE job=none
[2026-04-26 19:45:57] [INFO] cycle=18 source=129.0 bus=42.5 noncompute=29.5 compute=59.6 jetson_allow=51.6 mode=1 cooldown=0 adcs=CORRECTING err_truth=2.649 err_est=1.589 conf=0.52 valid=1 stars=13 comms=STANDBY backlog=41649752 jetson_mode=IDLE job=none
[2026-04-26 19:45:57] [INFO] cycle=19 source=129.8 bus=39.5 noncompute=26.5 compute=62.5 jetson_allow=54.5 mode=1 cooldown=0 adcs=TRACKER_DEGRADED err_truth=2.645 err_est=1.584 conf=0.28 valid=0 stars=12 comms=STANDBY backlog=41649752 jetson_mode=IDLE job=none
[2026-04-26 19:45:57] [INFO] cycle=20 source=130.4 bus=42.5 noncompute=29.5 compute=60.7 jetson_allow=52.7 mode=1 cooldown=0 adcs=CORRECTING err_truth=2.671 err_est=1.654 conf=0.53 valid=1 stars=15 comms=STANDBY backlog=41649752 jetson_mode=IDLE job=none
[2026-04-26 19:45:57] [INFO] cycle=21 source=130.9 bus=42.6 noncompute=29.6 compute=61.0 jetson_allow=53.0 mode=1 cooldown=0 adcs=CORRECTING err_truth=2.721 err_est=1.780 conf=0.94 valid=1 stars=24 comms=STANDBY backlog=41649752 jetson_mode=IDLE job=none
[2026-04-26 19:45:57] [INFO] cycle=22 source=131.3 bus=46.6 noncompute=33.6 compute=58.2 jetson_allow=50.2 mode=1 cooldown=0 adcs=CORRECTING err_truth=2.790 err_est=1.885 conf=0.47 valid=1 stars=13 comms=STANDBY backlog=41649752 jetson_mode=IDLE job=none
[2026-04-26 19:45:57] [INFO] cycle=23 source=131.4 bus=46.7 noncompute=33.7 compute=58.3 jetson_allow=50.3 mode=1 cooldown=0 adcs=CORRECTING err_truth=2.871 err_est=2.013 conf=0.62 valid=1 stars=20 comms=STANDBY backlog=41649752 jetson_mode=IDLE job=none
[2026-04-26 19:45:58] [INFO] cycle=24 source=131.4 bus=42.7 noncompute=29.7 compute=61.3 jetson_allow=53.3 mode=1 cooldown=0 adcs=CORRECTING err_truth=2.963 err_est=2.157 conf=0.76 valid=1 stars=24 comms=STANDBY backlog=41649752 jetson_mode=IDLE job=none
[2026-04-26 19:45:58] [INFO] cycle=25 source=131.2 bus=42.8 noncompute=29.8 compute=61.1 jetson_allow=53.1 mode=1 cooldown=0 adcs=CORRECTING err_truth=3.060 err_est=2.299 conf=0.68 valid=1 stars=17 comms=STANDBY backlog=41649752 jetson_mode=IDLE job=none
[2026-04-26 19:45:58] [INFO] cycle=26 source=130.9 bus=42.8 noncompute=29.8 compute=60.8 jetson_allow=52.8 mode=1 cooldown=0 adcs=CORRECTING err_truth=3.159 err_est=2.443 conf=0.71 valid=1 stars=23 comms=STANDBY backlog=41649752 jetson_mode=IDLE job=none
[2026-04-26 19:45:58] [INFO] cycle=27 source=130.4 bus=39.9 noncompute=26.9 compute=62.6 jetson_allow=54.6 mode=1 cooldown=0 adcs=TRACKER_DEGRADED err_truth=3.258 err_est=2.546 conf=0.18 valid=0 stars=9 comms=STANDBY backlog=41649752 jetson_mode=IDLE job=none
[2026-04-26 19:45:58] [INFO] cycle=28 source=129.8 bus=39.9 noncompute=26.9 compute=62.1 jetson_allow=54.1 mode=1 cooldown=0 adcs=TRACKER_DEGRADED err_truth=3.356 err_est=2.646 conf=0.37 valid=0 stars=14 comms=STANDBY backlog=41649752 jetson_mode=IDLE job=none
[2026-04-26 19:45:58] [INFO] cycle=29 source=129.1 bus=54.0 noncompute=41.0 compute=51.1 jetson_allow=43.1 mode=1 cooldown=0 adcs=CORRECTING err_truth=3.450 err_est=2.779 conf=0.65 valid=1 stars=25 comms=DOWNLINK backlog=41641752 jetson_mode=THROTTLED job=none
[2026-04-26 19:45:58] [INFO] cycle=30 source=128.3 bus=51.1 noncompute=38.1 compute=52.7 jetson_allow=44.7 mode=1 cooldown=0 adcs=TRACKER_DEGRADED err_truth=3.539 err_est=2.870 conf=0.15 valid=0 stars=11 comms=DOWNLINK backlog=41633752 jetson_mode=THROTTLED job=none
[2026-04-26 19:45:58] [INFO] cycle=31 source=127.5 bus=54.1 noncompute=41.1 compute=49.8 jetson_allow=41.8 mode=1 cooldown=0 adcs=CORRECTING err_truth=3.623 err_est=3.003 conf=0.88 valid=1 stars=22 comms=DOWNLINK backlog=41625752 jetson_mode=THROTTLED job=none
[2026-04-26 19:45:58] [INFO] cycle=32 source=126.7 bus=51.2 noncompute=38.2 compute=51.4 jetson_allow=43.4 mode=1 cooldown=0 adcs=TRACKER_DEGRADED err_truth=3.699 err_est=3.081 conf=0.17 valid=0 stars=6 comms=DOWNLINK backlog=41617752 jetson_mode=THROTTLED job=none
[2026-04-26 19:45:58] [INFO] cycle=33 source=126.0 bus=54.2 noncompute=41.2 compute=48.5 jetson_allow=40.5 mode=1 cooldown=0 adcs=CORRECTING err_truth=3.769 err_est=3.181 conf=0.58 valid=1 stars=15 comms=DOWNLINK backlog=41609752 jetson_mode=THROTTLED job=none
[2026-04-26 19:45:58] [INFO] cycle=34 source=125.2 bus=51.3 noncompute=38.3 compute=50.2 jetson_allow=42.2 mode=1 cooldown=0 adcs=TRACKER_DEGRADED err_truth=3.832 err_est=3.245 conf=0.27 valid=0 stars=8 comms=DOWNLINK backlog=41601752 jetson_mode=THROTTLED job=none
[2026-04-26 19:45:58] [INFO] cycle=35 source=124.6 bus=54.3 noncompute=41.3 compute=47.5 jetson_allow=39.5 mode=1 cooldown=0 adcs=CORRECTING err_truth=3.887 err_est=3.331 conf=0.63 valid=1 stars=17 comms=DOWNLINK backlog=41593752 jetson_mode=THROTTLED job=none
[2026-04-26 19:45:58] [INFO] cycle=36 source=124.1 bus=54.4 noncompute=41.4 compute=47.0 jetson_allow=39.0 mode=1 cooldown=0 adcs=CORRECTING err_truth=3.934 err_est=3.405 conf=0.55 valid=1 stars=14 comms=DOWNLINK backlog=41585752 jetson_mode=THROTTLED job=none
[2026-04-26 19:45:58] [INFO] cycle=37 source=123.7 bus=43.5 noncompute=30.5 compute=54.9 jetson_allow=46.9 mode=1 cooldown=0 adcs=CORRECTING err_truth=3.974 err_est=3.477 conf=0.75 valid=1 stars=25 comms=STANDBY backlog=41585752 jetson_mode=IDLE job=none
[2026-04-26 19:45:58] [INFO] cycle=38 source=123.4 bus=43.5 noncompute=30.5 compute=54.7 jetson_allow=46.7 mode=1 cooldown=0 adcs=CORRECTING err_truth=4.006 err_est=3.546 conf=0.88 valid=1 stars=22 comms=STANDBY backlog=41585752 jetson_mode=IDLE job=none
[2026-04-26 19:45:58] [INFO] cycle=39 source=123.3 bus=43.6 noncompute=30.6 compute=54.6 jetson_allow=46.6 mode=1 cooldown=0 adcs=CORRECTING err_truth=4.031 err_est=3.590 conf=0.48 valid=1 stars=12 comms=STANDBY backlog=41585752 jetson_mode=IDLE job=none
[2026-04-26 19:45:58] [INFO] cycle=40 source=123.3 bus=40.6 noncompute=27.6 compute=56.8 jetson_allow=48.8 mode=1 cooldown=0 adcs=TRACKER_DEGRADED err_truth=4.050 err_est=3.610 conf=0.20 valid=0 stars=5 comms=STANDBY backlog=41585752 jetson_mode=IDLE job=none
[2026-04-26 19:45:58] [INFO] cycle=41 source=123.5 bus=43.7 noncompute=30.7 compute=54.6 jetson_allow=46.6 mode=1 cooldown=0 adcs=CORRECTING err_truth=4.062 err_est=3.651 conf=0.82 valid=1 stars=22 comms=STANDBY backlog=41585752 jetson_mode=IDLE job=none
[2026-04-26 19:45:58] [INFO] cycle=42 source=123.8 bus=40.7 noncompute=27.7 compute=57.0 jetson_allow=49.0 mode=1 cooldown=0 adcs=TRACKER_DEGRADED err_truth=4.069 err_est=3.659 conf=0.20 valid=0 stars=7 comms=STANDBY backlog=41585752 jetson_mode=IDLE job=none
[2026-04-26 19:45:58] [INFO] cycle=43 source=124.1 bus=40.8 noncompute=27.8 compute=57.3 jetson_allow=49.3 mode=1 cooldown=0 adcs=TRACKER_DEGRADED err_truth=4.071 err_est=3.662 conf=0.44 valid=0 stars=15 comms=STANDBY backlog=41585752 jetson_mode=IDLE job=none
[2026-04-26 19:45:58] [INFO] cycle=44 source=124.6 bus=44.8 noncompute=31.8 compute=54.6 jetson_allow=46.6 mode=1 cooldown=0 adcs=TRACKER_DEGRADED err_truth=4.030 err_est=3.621 conf=0.33 valid=0 stars=15 comms=STANDBY backlog=41585752 jetson_mode=IDLE job=none
[2026-04-26 19:45:58] [INFO] cycle=45 source=125.1 bus=47.9 noncompute=34.9 compute=52.7 jetson_allow=44.7 mode=1 cooldown=0 adcs=CORRECTING err_truth=3.955 err_est=3.562 conf=0.50 valid=1 stars=14 comms=STANDBY backlog=41585752 jetson_mode=IDLE job=none
[2026-04-26 19:45:59] [INFO] cycle=46 source=125.6 bus=43.9 noncompute=30.9 compute=56.0 jetson_allow=48.0 mode=1 cooldown=0 adcs=CORRECTING err_truth=3.853 err_est=3.477 conf=0.55 valid=1 stars=16 comms=STANDBY backlog=41585752 jetson_mode=IDLE job=none
[2026-04-26 19:45:59] [INFO] cycle=47 source=126.1 bus=40.9 noncompute=27.9 compute=58.6 jetson_allow=50.6 mode=1 cooldown=0 adcs=TRACKER_DEGRADED err_truth=3.730 err_est=3.353 conf=0.27 valid=0 stars=7 comms=STANDBY backlog=41585752 jetson_mode=IDLE job=none
[2026-04-26 19:45:59] [INFO] cycle=48 source=126.6 bus=41.0 noncompute=28.0 compute=59.0 jetson_allow=51.0 mode=1 cooldown=0 adcs=TRACKER_DEGRADED err_truth=3.592 err_est=3.213 conf=0.24 valid=0 stars=11 comms=STANDBY backlog=41585752 jetson_mode=IDLE job=none
[2026-04-26 19:45:59] [INFO] cycle=49 source=127.0 bus=51.0 noncompute=38.0 compute=51.7 jetson_allow=43.7 mode=1 cooldown=0 adcs=TRACKER_DEGRADED err_truth=3.444 err_est=3.065 conf=0.26 valid=0 stars=9 comms=STANDBY backlog=41585752 jetson_mode=IDLE job=none
[2026-04-26 19:45:59] [INFO] cycle=50 source=127.3 bus=41.0 noncompute=28.0 compute=59.4 jetson_allow=51.4 mode=1 cooldown=0 adcs=TRACKER_DEGRADED err_truth=3.291 err_est=2.911 conf=0.36 valid=0 stars=20 comms=STANDBY backlog=41585752 jetson_mode=IDLE job=none
[2026-04-26 19:45:59] [INFO] cycle=51 source=127.4 bus=41.0 noncompute=28.0 compute=59.6 jetson_allow=51.6 mode=1 cooldown=0 adcs=TRACKER_DEGRADED err_truth=3.137 err_est=2.755 conf=0.23 valid=0 stars=19 comms=STANDBY backlog=41585752 jetson_mode=IDLE job=none
[2026-04-26 19:45:59] [INFO] cycle=52 source=127.5 bus=41.0 noncompute=28.0 compute=59.6 jetson_allow=51.6 mode=1 cooldown=0 adcs=TRACKER_DEGRADED err_truth=2.985 err_est=2.602 conf=0.06 valid=0 stars=20 comms=STANDBY backlog=41585752 jetson_mode=IDLE job=none
[2026-04-26 19:45:59] [INFO] cycle=53 source=127.3 bus=41.1 noncompute=28.1 compute=59.5 jetson_allow=51.5 mode=1 cooldown=0 adcs=TRACKER_DEGRADED err_truth=2.837 err_est=2.453 conf=0.36 valid=0 stars=20 comms=STANDBY backlog=41585752 jetson_mode=IDLE job=none
[2026-04-26 19:45:59] [INFO] cycle=54 source=127.1 bus=44.1 noncompute=31.1 compute=57.0 jetson_allow=49.0 mode=1 cooldown=0 adcs=CORRECTING err_truth=2.696 err_est=2.328 conf=0.60 valid=1 stars=21 comms=STANDBY backlog=41585752 jetson_mode=IDLE job=none
[2026-04-26 19:45:59] [INFO] cycle=55 source=126.6 bus=54.1 noncompute=41.1 compute=49.1 jetson_allow=41.1 mode=1 cooldown=0 adcs=CORRECTING err_truth=2.561 err_est=2.213 conf=0.74 valid=1 stars=25 comms=STANDBY backlog=41585752 jetson_mode=IDLE job=none
[2026-04-26 19:45:59] [INFO] cycle=56 source=126.0 bus=41.1 noncompute=28.1 compute=58.4 jetson_allow=50.4 mode=1 cooldown=0 adcs=TRACKER_DEGRADED err_truth=2.435 err_est=2.086 conf=0.32 valid=0 stars=8 comms=STANDBY backlog=41585752 jetson_mode=IDLE job=none
[2026-04-26 19:45:59] [INFO] cycle=57 source=125.2 bus=41.1 noncompute=28.1 compute=57.8 jetson_allow=49.8 mode=1 cooldown=0 adcs=TRACKER_DEGRADED err_truth=2.319 err_est=1.967 conf=0.15 valid=0 stars=5 comms=STANDBY backlog=41585752 jetson_mode=IDLE job=none
[2026-04-26 19:45:59] [INFO] cycle=58 source=124.3 bus=41.2 noncompute=28.2 compute=57.1 jetson_allow=49.1 mode=1 cooldown=0 adcs=TRACKER_DEGRADED err_truth=2.212 err_est=1.859 conf=0.18 valid=0 stars=6 comms=STANDBY backlog=41585752 jetson_mode=IDLE job=none
[2026-04-26 19:45:59] [INFO] cycle=59 source=123.3 bus=55.2 noncompute=42.2 compute=45.8 jetson_allow=37.8 mode=1 cooldown=0 adcs=CORRECTING err_truth=2.114 err_est=1.784 conf=0.83 valid=1 stars=22 comms=DOWNLINK backlog=41577752 jetson_mode=THROTTLED job=none
[2026-04-26 19:45:59] [INFO] cycle=60 source=122.2 bus=55.2 noncompute=42.2 compute=45.0 jetson_allow=37.0 mode=1 cooldown=0 adcs=CORRECTING err_truth=2.027 err_est=1.712 conf=0.64 valid=1 stars=20 comms=DOWNLINK backlog=41569752 jetson_mode=THROTTLED job=none
[2026-04-26 19:45:59] [INFO] cycle=61 source=121.0 bus=62.2 noncompute=49.2 compute=38.8 jetson_allow=30.8 mode=1 cooldown=0 adcs=TRACKER_DEGRADED err_truth=1.948 err_est=1.634 conf=0.40 valid=0 stars=10 comms=DOWNLINK backlog=41561752 jetson_mode=THROTTLED job=none
[2026-04-26 19:45:59] [INFO] cycle=62 source=119.8 bus=55.2 noncompute=42.2 compute=43.2 jetson_allow=35.2 mode=1 cooldown=0 adcs=CORRECTING err_truth=1.877 err_est=1.577 conf=0.55 valid=1 stars=14 comms=DOWNLINK backlog=41553752 jetson_mode=THROTTLED job=none
[2026-04-26 19:45:59] [INFO] cycle=63 source=118.6 bus=55.2 noncompute=42.2 compute=42.3 jetson_allow=34.3 mode=1 cooldown=0 adcs=CORRECTING err_truth=1.815 err_est=1.535 conf=0.86 valid=1 stars=23 comms=DOWNLINK backlog=41545752 jetson_mode=THROTTLED job=none
[2026-04-26 19:45:59] [INFO] cycle=64 source=117.5 bus=55.3 noncompute=42.3 compute=41.4 jetson_allow=33.4 mode=1 cooldown=0 adcs=CORRECTING err_truth=1.761 err_est=1.500 conf=0.87 valid=1 stars=22 comms=DOWNLINK backlog=41537752 jetson_mode=THROTTLED job=none
[2026-04-26 19:45:59] [INFO] cycle=65 source=116.4 bus=55.3 noncompute=42.3 compute=40.6 jetson_allow=32.6 mode=1 cooldown=0 adcs=CORRECTING err_truth=1.704 err_est=1.460 conf=0.79 valid=1 stars=21 comms=DOWNLINK backlog=41529752 jetson_mode=THROTTLED job=none
[2026-04-26 19:45:59] [INFO] cycle=66 source=115.4 bus=59.3 noncompute=46.3 compute=36.8 jetson_allow=28.8 mode=1 cooldown=0 adcs=CORRECTING err_truth=1.650 err_est=1.422 conf=0.79 valid=1 stars=23 comms=DOWNLINK backlog=41521752 jetson_mode=THROTTLED job=none
[2026-04-26 19:45:59] [INFO] cycle=67 source=114.5 bus=58.3 noncompute=45.3 compute=36.9 jetson_allow=28.9 mode=1 cooldown=0 adcs=CORRECTING err_truth=1.604 err_est=1.395 conf=0.96 valid=1 stars=24 comms=STANDBY backlog=41521752 jetson_mode=IDLE job=none
[2026-04-26 19:46:00] [INFO] cycle=68 source=113.8 bus=41.3 noncompute=28.3 compute=49.1 jetson_allow=41.1 mode=1 cooldown=0 adcs=TRACKER_DEGRADED err_truth=1.573 err_est=1.368 conf=0.39 valid=0 stars=12 comms=STANDBY backlog=41521752 jetson_mode=IDLE job=none
[2026-04-26 19:46:00] [INFO] cycle=69 source=113.2 bus=41.4 noncompute=28.4 compute=48.7 jetson_allow=40.7 mode=1 cooldown=0 adcs=TRACKER_DEGRADED err_truth=1.560 err_est=1.362 conf=0.22 valid=0 stars=13 comms=STANDBY backlog=41521752 jetson_mode=IDLE job=none
[2026-04-26 19:46:00] [INFO] cycle=70 source=112.8 bus=44.4 noncompute=31.4 compute=46.1 jetson_allow=38.1 mode=1 cooldown=0 adcs=CORRECTING err_truth=1.568 err_est=1.388 conf=0.60 valid=1 stars=15 comms=STANDBY backlog=41521752 jetson_mode=IDLE job=none
[2026-04-26 19:46:00] [INFO] cycle=71 source=112.6 bus=41.4 noncompute=28.4 compute=48.1 jetson_allow=40.1 mode=1 cooldown=0 adcs=TRACKER_DEGRADED err_truth=1.596 err_est=1.427 conf=0.36 valid=0 stars=11 comms=STANDBY backlog=41521752 jetson_mode=IDLE job=none
[2026-04-26 19:46:00] [INFO] cycle=72 source=112.5 bus=41.4 noncompute=28.4 compute=48.1 jetson_allow=40.1 mode=1 cooldown=0 adcs=TRACKER_DEGRADED err_truth=1.643 err_est=1.486 conf=0.31 valid=0 stars=8 comms=STANDBY backlog=41521752 jetson_mode=IDLE job=none
[2026-04-26 19:46:00] [INFO] cycle=73 source=112.6 bus=51.4 noncompute=38.4 compute=40.6 jetson_allow=32.6 mode=1 cooldown=0 adcs=TRACKER_DEGRADED err_truth=1.705 err_est=1.560 conf=0.43 valid=0 stars=11 comms=STANDBY backlog=41521752 jetson_mode=IDLE job=none
[2026-04-26 19:46:00] [INFO] cycle=74 source=112.8 bus=41.5 noncompute=28.5 compute=48.3 jetson_allow=40.3 mode=1 cooldown=0 adcs=TRACKER_DEGRADED err_truth=1.779 err_est=1.647 conf=0.20 valid=0 stars=10 comms=STANDBY backlog=41521752 jetson_mode=IDLE job=none
[2026-04-26 19:46:00] [INFO] cycle=75 source=113.2 bus=41.5 noncompute=28.5 compute=48.5 jetson_allow=40.5 mode=1 cooldown=0 adcs=TRACKER_DEGRADED err_truth=1.860 err_est=1.739 conf=0.10 valid=0 stars=11 comms=STANDBY backlog=41521752 jetson_mode=IDLE job=none
[2026-04-26 19:46:00] [INFO] cycle=76 source=113.6 bus=44.5 noncompute=31.5 compute=46.6 jetson_allow=38.6 mode=1 cooldown=0 adcs=CORRECTING err_truth=1.944 err_est=1.840 conf=0.92 valid=1 stars=24 comms=STANDBY backlog=41521752 jetson_mode=IDLE job=none
[2026-04-26 19:46:00] [INFO] cycle=77 source=114.1 bus=44.5 noncompute=31.5 compute=46.9 jetson_allow=38.9 mode=1 cooldown=0 adcs=CORRECTING err_truth=2.029 err_est=1.937 conf=0.61 valid=1 stars=20 comms=STANDBY backlog=41521752 jetson_mode=IDLE job=none
[2026-04-26 19:46:00] [INFO] cycle=78 source=114.6 bus=44.5 noncompute=31.5 compute=47.3 jetson_allow=39.3 mode=1 cooldown=0 adcs=CORRECTING err_truth=2.112 err_est=2.030 conf=0.78 valid=1 stars=20 comms=STANDBY backlog=41521752 jetson_mode=IDLE job=none
[2026-04-26 19:46:00] [INFO] cycle=79 source=115.1 bus=51.6 noncompute=38.6 compute=42.4 jetson_allow=34.4 mode=1 cooldown=0 adcs=TRACKER_DEGRADED err_truth=2.191 err_est=2.114 conf=0.29 valid=0 stars=23 comms=STANDBY backlog=41521752 jetson_mode=IDLE job=none
[2026-04-26 19:46:00] [INFO] cycle=80 source=115.6 bus=41.6 noncompute=28.6 compute=50.3 jetson_allow=42.3 mode=1 cooldown=0 adcs=TRACKER_DEGRADED err_truth=2.264 err_est=2.192 conf=0.06 valid=0 stars=7 comms=STANDBY backlog=41521752 jetson_mode=IDLE job=none
[2026-04-26 19:46:00] [INFO] cycle=81 source=116.0 bus=44.6 noncompute=31.6 compute=48.3 jetson_allow=40.3 mode=1 cooldown=0 adcs=CORRECTING err_truth=2.332 err_est=2.267 conf=0.63 valid=1 stars=21 comms=STANDBY backlog=41521752 jetson_mode=IDLE job=none
[2026-04-26 19:46:01] [INFO] cycle=82 source=116.3 bus=44.6 noncompute=31.6 compute=48.6 jetson_allow=40.6 mode=1 cooldown=0 adcs=CORRECTING err_truth=2.394 err_est=2.334 conf=0.49 valid=1 stars=14 comms=STANDBY backlog=41521752 jetson_mode=IDLE job=none
[2026-04-26 19:46:01] [INFO] cycle=83 source=116.6 bus=44.6 noncompute=31.6 compute=48.7 jetson_allow=40.7 mode=1 cooldown=0 adcs=CORRECTING err_truth=2.449 err_est=2.394 conf=0.77 valid=1 stars=23 comms=STANDBY backlog=41521752 jetson_mode=IDLE job=none
[2026-04-26 19:46:01] [INFO] cycle=84 source=116.7 bus=44.6 noncompute=31.6 compute=48.8 jetson_allow=40.8 mode=1 cooldown=0 adcs=CORRECTING err_truth=2.498 err_est=2.447 conf=0.70 valid=1 stars=24 comms=STANDBY backlog=41521752 jetson_mode=IDLE job=none
[2026-04-26 19:46:01] [INFO] cycle=85 source=116.7 bus=54.6 noncompute=41.6 compute=41.3 jetson_allow=33.3 mode=1 cooldown=0 adcs=CORRECTING err_truth=2.539 err_est=2.494 conf=0.52 valid=1 stars=20 comms=STANDBY backlog=41521752 jetson_mode=IDLE job=none
[2026-04-26 19:46:01] [INFO] cycle=86 source=116.5 bus=44.6 noncompute=31.6 compute=48.6 jetson_allow=40.6 mode=1 cooldown=0 adcs=CORRECTING err_truth=2.575 err_est=2.532 conf=0.49 valid=1 stars=13 comms=STANDBY backlog=41521752 jetson_mode=IDLE job=none
[2026-04-26 19:46:01] [INFO] cycle=87 source=116.2 bus=41.7 noncompute=28.7 compute=50.6 jetson_allow=42.6 mode=1 cooldown=0 adcs=TRACKER_DEGRADED err_truth=2.605 err_est=2.563 conf=0.17 valid=0 stars=7 comms=STANDBY backlog=41521752 jetson_mode=IDLE job=none
[2026-04-26 19:46:01] [INFO] cycle=88 source=115.7 bus=45.7 noncompute=32.7 compute=47.3 jetson_allow=39.3 mode=1 cooldown=0 adcs=INIT err_truth=2.629 err_est=2.588 conf=0.00 valid=0 stars=0 comms=STANDBY backlog=41521752 jetson_mode=IDLE job=none
[2026-04-26 19:46:01] [INFO] cycle=89 source=115.2 bus=56.7 noncompute=43.7 compute=38.6 jetson_allow=30.6 mode=1 cooldown=0 adcs=TRACKER_DEGRADED err_truth=2.648 err_est=2.609 conf=0.33 valid=0 stars=21 comms=DOWNLINK backlog=41513752 jetson_mode=THROTTLED job=none
[2026-04-26 19:46:02] [INFO] cycle=90 source=114.5 bus=52.7 noncompute=39.7 compute=41.1 jetson_allow=33.1 mode=1 cooldown=0 adcs=TRACKER_DEGRADED err_truth=2.663 err_est=2.623 conf=0.19 valid=0 stars=5 comms=DOWNLINK backlog=41505752 jetson_mode=THROTTLED job=none
[2026-04-26 19:46:02] [INFO] cycle=91 source=113.8 bus=65.7 noncompute=52.7 compute=30.8 jetson_allow=22.8 mode=1 cooldown=0 adcs=CORRECTING err_truth=2.675 err_est=2.637 conf=0.72 valid=1 stars=18 comms=DOWNLINK backlog=41497752 jetson_mode=THROTTLED job=none
[2026-04-26 19:46:02] [INFO] cycle=92 source=113.0 bus=52.7 noncompute=39.7 compute=40.0 jetson_allow=32.0 mode=1 cooldown=0 adcs=TRACKER_DEGRADED err_truth=2.682 err_est=2.647 conf=0.19 valid=0 stars=6 comms=DOWNLINK backlog=41489752 jetson_mode=THROTTLED job=none
[2026-04-26 19:46:02] [INFO] cycle=93 source=112.2 bus=52.7 noncompute=39.7 compute=39.4 jetson_allow=31.4 mode=1 cooldown=0 adcs=TRACKER_DEGRADED err_truth=2.687 err_est=2.652 conf=0.07 valid=0 stars=6 comms=DOWNLINK backlog=41481752 jetson_mode=THROTTLED job=none
[2026-04-26 19:46:02] [INFO] cycle=94 source=111.4 bus=55.7 noncompute=42.7 compute=36.5 jetson_allow=28.5 mode=1 cooldown=0 adcs=CORRECTING err_truth=2.689 err_est=2.655 conf=0.51 valid=1 stars=14 comms=DOWNLINK backlog=41473752 jetson_mode=THROTTLED job=none
[2026-04-26 19:46:02] [INFO] cycle=95 source=110.7 bus=55.8 noncompute=42.8 compute=35.9 jetson_allow=27.9 mode=1 cooldown=0 adcs=CORRECTING err_truth=2.689 err_est=2.658 conf=0.91 valid=1 stars=25 comms=DOWNLINK backlog=41465752 jetson_mode=THROTTLED job=none
[2026-04-26 19:46:02] [INFO] cycle=96 source=110.0 bus=52.8 noncompute=39.8 compute=37.7 jetson_allow=29.7 mode=1 cooldown=0 adcs=TRACKER_DEGRADED err_truth=2.687 err_est=2.654 conf=0.39 valid=0 stars=10 comms=DOWNLINK backlog=41457752 jetson_mode=THROTTLED job=none
[2026-04-26 19:46:02] [INFO] cycle=97 source=109.4 bus=51.8 noncompute=38.8 compute=38.0 jetson_allow=30.0 mode=1 cooldown=0 adcs=TRACKER_DEGRADED err_truth=2.684 err_est=2.652 conf=0.37 valid=0 stars=17 comms=STANDBY backlog=41457752 jetson_mode=IDLE job=none
[2026-04-26 19:46:02] [INFO] cycle=98 source=109.0 bus=44.8 noncompute=31.8 compute=42.9 jetson_allow=34.9 mode=1 cooldown=0 adcs=CORRECTING err_truth=2.679 err_est=2.649 conf=0.60 valid=1 stars=18 comms=STANDBY backlog=41457752 jetson_mode=IDLE job=none
[2026-04-26 19:46:02] [INFO] cycle=99 source=108.7 bus=44.8 noncompute=31.8 compute=42.7 jetson_allow=34.7 mode=1 cooldown=0 adcs=CORRECTING err_truth=2.674 err_est=2.647 conf=0.89 valid=1 stars=23 comms=STANDBY backlog=41457752 jetson_mode=IDLE job=none
[2026-04-26 19:46:02] [INFO] cycle=100 source=108.5 bus=44.8 noncompute=31.8 compute=42.5 jetson_allow=34.5 mode=1 cooldown=0 adcs=CORRECTING err_truth=2.668 err_est=2.642 conf=0.65 valid=1 stars=22 comms=STANDBY backlog=41457752 jetson_mode=IDLE job=none
[2026-04-26 19:46:02] [INFO] cycle=101 source=108.6 bus=41.8 noncompute=28.8 compute=44.8 jetson_allow=36.8 mode=1 cooldown=0 adcs=TRACKER_DEGRADED err_truth=2.662 err_est=2.634 conf=0.42 valid=0 stars=12 comms=STANDBY backlog=41457752 jetson_mode=IDLE job=none
[2026-04-26 19:46:02] [INFO] cycle=102 source=108.8 bus=41.8 noncompute=28.8 compute=45.0 jetson_allow=37.0 mode=1 cooldown=0 adcs=TRACKER_DEGRADED err_truth=2.655 err_est=2.627 conf=0.36 valid=0 stars=9 comms=STANDBY backlog=41457752 jetson_mode=IDLE job=none
[2026-04-26 19:46:02] [INFO] cycle=103 source=109.2 bus=51.9 noncompute=38.9 compute=37.8 jetson_allow=29.8 mode=1 cooldown=0 adcs=TRACKER_DEGRADED err_truth=2.648 err_est=2.621 conf=0.31 valid=0 stars=16 comms=STANDBY backlog=41457752 jetson_mode=IDLE job=none
[2026-04-26 19:46:02] [INFO] cycle=104 source=109.8 bus=41.9 noncompute=28.9 compute=45.7 jetson_allow=37.7 mode=1 cooldown=0 adcs=TRACKER_DEGRADED err_truth=2.641 err_est=2.615 conf=0.15 valid=0 stars=5 comms=STANDBY backlog=41457752 jetson_mode=IDLE job=none
[2026-04-26 19:46:02] [INFO] cycle=105 source=110.5 bus=41.9 noncompute=28.9 compute=46.2 jetson_allow=38.2 mode=1 cooldown=0 adcs=TRACKER_DEGRADED err_truth=2.635 err_est=2.608 conf=0.26 valid=0 stars=23 comms=STANDBY backlog=41457752 jetson_mode=IDLE job=none
[2026-04-26 19:46:02] [INFO] cycle=106 source=111.3 bus=44.9 noncompute=31.9 compute=44.6 jetson_allow=36.6 mode=1 cooldown=0 adcs=CORRECTING err_truth=2.628 err_est=2.603 conf=0.67 valid=1 stars=18 comms=STANDBY backlog=41457752 jetson_mode=IDLE job=none
[2026-04-26 19:46:02] [INFO] cycle=107 source=112.3 bus=41.9 noncompute=28.9 compute=47.5 jetson_allow=39.5 mode=1 cooldown=0 adcs=TRACKER_DEGRADED err_truth=2.622 err_est=2.597 conf=0.32 valid=0 stars=11 comms=STANDBY backlog=41457752 jetson_mode=IDLE job=none
[2026-04-26 19:46:02] [INFO] cycle=108 source=113.3 bus=44.9 noncompute=31.9 compute=46.0 jetson_allow=38.0 mode=1 cooldown=0 adcs=CORRECTING err_truth=2.616 err_est=2.594 conf=0.89 valid=1 stars=24 comms=STANDBY backlog=41457752 jetson_mode=IDLE job=none
[2026-04-26 19:46:02] [INFO] cycle=109 source=114.4 bus=54.9 noncompute=41.9 compute=39.3 jetson_allow=31.3 mode=1 cooldown=0 adcs=CORRECTING err_truth=2.610 err_est=2.590 conf=0.52 valid=1 stars=13 comms=STANDBY backlog=41457752 jetson_mode=IDLE job=none
[2026-04-26 19:46:02] [INFO] cycle=110 source=115.5 bus=45.9 noncompute=32.9 compute=46.9 jetson_allow=38.9 mode=1 cooldown=0 adcs=TRACKER_DEGRADED err_truth=2.605 err_est=2.586 conf=0.13 valid=0 stars=19 comms=STANDBY backlog=41457752 jetson_mode=IDLE job=none
[2026-04-26 19:46:02] [INFO] cycle=111 source=116.5 bus=49.0 noncompute=36.0 compute=45.4 jetson_allow=37.4 mode=1 cooldown=0 adcs=CORRECTING err_truth=2.600 err_est=2.581 conf=0.76 valid=1 stars=19 comms=STANDBY backlog=41457752 jetson_mode=IDLE job=none
[2026-04-26 19:46:03] [INFO] cycle=112 source=117.6 bus=45.0 noncompute=32.0 compute=49.2 jetson_allow=41.2 mode=1 cooldown=0 adcs=CORRECTING err_truth=2.595 err_est=2.578 conf=0.45 valid=1 stars=12 comms=STANDBY backlog=41457752 jetson_mode=IDLE job=none
[2026-04-26 19:46:03] [INFO] cycle=113 source=118.5 bus=42.0 noncompute=29.0 compute=52.1 jetson_allow=44.1 mode=1 cooldown=0 adcs=TRACKER_DEGRADED err_truth=2.591 err_est=2.575 conf=0.23 valid=0 stars=8 comms=STANDBY backlog=41457752 jetson_mode=IDLE job=none
[2026-04-26 19:46:03] [INFO] cycle=114 source=119.3 bus=42.0 noncompute=29.0 compute=52.7 jetson_allow=44.7 mode=1 cooldown=0 adcs=TRACKER_DEGRADED err_truth=2.587 err_est=2.570 conf=0.16 valid=0 stars=5 comms=STANDBY backlog=41457752 jetson_mode=IDLE job=none
[2026-04-26 19:46:03] [INFO] cycle=115 source=120.0 bus=55.0 noncompute=42.0 compute=43.5 jetson_allow=35.5 mode=1 cooldown=0 adcs=CORRECTING err_truth=2.583 err_est=2.567 conf=0.63 valid=1 stars=18 comms=STANDBY backlog=41457752 jetson_mode=IDLE job=none
[2026-04-26 19:46:03] [INFO] cycle=116 source=120.6 bus=42.0 noncompute=29.0 compute=53.7 jetson_allow=45.7 mode=1 cooldown=0 adcs=TRACKER_DEGRADED err_truth=2.580 err_est=2.564 conf=0.39 valid=0 stars=10 comms=STANDBY backlog=41457752 jetson_mode=IDLE job=none
[2026-04-26 19:46:03] [INFO] cycle=117 source=121.0 bus=42.0 noncompute=29.0 compute=54.0 jetson_allow=46.0 mode=1 cooldown=0 adcs=TRACKER_DEGRADED err_truth=2.577 err_est=2.561 conf=0.09 valid=0 stars=5 comms=STANDBY backlog=41457752 jetson_mode=IDLE job=none
[2026-04-26 19:46:03] [INFO] cycle=118 source=121.3 bus=42.1 noncompute=29.1 compute=54.2 jetson_allow=46.2 mode=1 cooldown=0 adcs=TRACKER_DEGRADED err_truth=2.575 err_est=2.559 conf=0.39 valid=0 stars=10 comms=STANDBY backlog=41457752 jetson_mode=IDLE job=none
[2026-04-26 19:46:03] [INFO] cycle=119 source=121.4 bus=70.1 noncompute=57.1 compute=33.2 jetson_allow=25.2 mode=1 cooldown=0 adcs=CORRECTING err_truth=2.573 err_est=2.558 conf=0.88 valid=1 stars=22 comms=DOWNLINK backlog=41449752 jetson_mode=THROTTLED job=none
[2026-04-26 19:46:03] [INFO] cycle=120 source=121.4 bus=70.1 noncompute=57.1 compute=33.2 jetson_allow=25.2 mode=1 cooldown=0 adcs=CORRECTING err_truth=2.571 err_est=2.558 conf=0.52 valid=1 stars=19 comms=DOWNLINK backlog=41441752 jetson_mode=THROTTLED job=none
[2026-04-26 19:46:03] [INFO] cycle=121 source=121.2 bus=77.1 noncompute=64.1 compute=27.8 jetson_allow=19.8 mode=1 cooldown=0 adcs=TRACKER_DEGRADED err_truth=2.569 err_est=2.556 conf=0.06 valid=0 stars=6 comms=DOWNLINK backlog=41433752 jetson_mode=THROTTLED job=none
[2026-04-26 19:46:03] [INFO] cycle=122 source=121.0 bus=70.1 noncompute=57.1 compute=32.9 jetson_allow=24.9 mode=1 cooldown=0 adcs=CORRECTING err_truth=2.568 err_est=2.555 conf=0.56 valid=1 stars=14 comms=DOWNLINK backlog=41425752 jetson_mode=THROTTLED job=none
[2026-04-26 19:46:03] [INFO] cycle=123 source=120.6 bus=56.1 noncompute=43.1 compute=43.1 jetson_allow=35.1 mode=1 cooldown=0 adcs=CORRECTING err_truth=2.567 err_est=2.554 conf=0.52 valid=1 stars=16 comms=DOWNLINK backlog=41417752 jetson_mode=THROTTLED job=none
[2026-04-26 19:46:03] [INFO] cycle=124 source=120.3 bus=56.1 noncompute=43.1 compute=42.8 jetson_allow=34.8 mode=1 cooldown=0 adcs=CORRECTING err_truth=2.566 err_est=2.554 conf=0.67 valid=1 stars=18 comms=DOWNLINK backlog=41409752 jetson_mode=THROTTLED job=none
[2026-04-26 19:46:03] [INFO] cycle=125 source=119.9 bus=53.1 noncompute=40.1 compute=44.8 jetson_allow=36.8 mode=1 cooldown=0 adcs=WHEEL_SAT err_truth=2.565 err_est=2.553 conf=0.29 valid=0 stars=17 comms=DOWNLINK backlog=41401752 jetson_mode=THROTTLED job=none
[2026-04-26 19:46:03] [INFO] cycle=126 source=119.5 bus=53.1 noncompute=40.1 compute=44.5 jetson_allow=36.5 mode=1 cooldown=0 adcs=WHEEL_SAT err_truth=2.564 err_est=2.551 conf=0.39 valid=0 stars=10 comms=DOWNLINK backlog=41393752 jetson_mode=THROTTLED job=none
[2026-04-26 19:46:03] [INFO] cycle=127 source=119.1 bus=52.1 noncompute=39.1 compute=45.0 jetson_allow=37.0 mode=1 cooldown=0 adcs=WHEEL_SAT err_truth=2.564 err_est=2.551 conf=0.42 valid=0 stars=12 comms=STANDBY backlog=41393752 jetson_mode=IDLE job=none
[2026-04-26 19:46:03] [INFO] cycle=128 source=118.9 bus=45.1 noncompute=32.1 compute=50.0 jetson_allow=42.0 mode=1 cooldown=0 adcs=WHEEL_SAT err_truth=2.563 err_est=2.551 conf=0.46 valid=1 stars=13 comms=STANDBY backlog=41393752 jetson_mode=IDLE job=none
[2026-04-26 19:46:03] [INFO] cycle=129 source=118.7 bus=42.1 noncompute=29.1 compute=52.2 jetson_allow=44.2 mode=1 cooldown=0 adcs=WHEEL_SAT err_truth=2.563 err_est=2.551 conf=0.01 valid=0 stars=6 comms=STANDBY backlog=41393752 jetson_mode=IDLE job=none
[2026-04-26 19:46:03] [INFO] cycle=130 source=118.6 bus=42.1 noncompute=29.1 compute=52.1 jetson_allow=44.1 mode=1 cooldown=0 adcs=WHEEL_SAT err_truth=2.563 err_est=2.551 conf=0.40 valid=0 stars=12 comms=STANDBY backlog=41393752 jetson_mode=IDLE job=none
[2026-04-26 19:46:03] [INFO] cycle=131 source=118.7 bus=42.1 noncompute=29.1 compute=52.2 jetson_allow=44.2 mode=1 cooldown=0 adcs=WHEEL_SAT err_truth=2.563 err_est=2.551 conf=0.17 valid=0 stars=21 comms=STANDBY backlog=41393752 jetson_mode=IDLE job=none
[2026-04-26 19:46:03] [INFO] cycle=132 source=118.9 bus=46.1 noncompute=33.1 compute=49.3 jetson_allow=41.3 mode=1 cooldown=0 adcs=WHEEL_SAT err_truth=2.563 err_est=2.551 conf=0.42 valid=0 stars=12 comms=STANDBY backlog=41393752 jetson_mode=IDLE job=none
[2026-04-26 19:46:03] [INFO] cycle=133 source=119.3 bus=56.1 noncompute=43.1 compute=42.1 jetson_allow=34.1 mode=1 cooldown=0 adcs=WHEEL_SAT err_truth=2.563 err_est=2.551 conf=0.44 valid=0 stars=13 comms=STANDBY backlog=41393752 jetson_mode=IDLE job=none
[2026-04-26 19:46:04] [INFO] cycle=134 source=119.8 bus=45.1 noncompute=32.1 compute=50.7 jetson_allow=42.7 mode=1 cooldown=0 adcs=WHEEL_SAT err_truth=2.563 err_est=2.551 conf=0.56 valid=1 stars=18 comms=STANDBY backlog=41393752 jetson_mode=IDLE job=none
[2026-04-26 19:46:04] [INFO] cycle=135 source=120.4 bus=45.1 noncompute=32.1 compute=51.2 jetson_allow=43.2 mode=1 cooldown=0 adcs=WHEEL_SAT err_truth=2.563 err_est=2.552 conf=0.50 valid=1 stars=20 comms=STANDBY backlog=41393752 jetson_mode=IDLE job=none
[2026-04-26 19:46:04] [INFO] cycle=136 source=121.2 bus=45.1 noncompute=32.1 compute=51.8 jetson_allow=43.8 mode=1 cooldown=0 adcs=WHEEL_SAT err_truth=2.563 err_est=2.553 conf=0.91 valid=1 stars=23 comms=STANDBY backlog=41393752 jetson_mode=IDLE job=none
[2026-04-26 19:46:04] [INFO] cycle=137 source=122.1 bus=42.1 noncompute=29.1 compute=54.8 jetson_allow=46.8 mode=1 cooldown=0 adcs=WHEEL_SAT err_truth=2.563 err_est=2.553 conf=0.39 valid=0 stars=10 comms=STANDBY backlog=41393752 jetson_mode=IDLE job=none
[2026-04-26 19:46:04] [INFO] cycle=138 source=123.1 bus=45.1 noncompute=32.1 compute=53.3 jetson_allow=45.3 mode=1 cooldown=0 adcs=WHEEL_SAT err_truth=2.563 err_est=2.554 conf=0.58 valid=1 stars=15 comms=STANDBY backlog=41393752 jetson_mode=IDLE job=none
[2026-04-26 19:46:04] [INFO] cycle=139 source=124.2 bus=55.1 noncompute=42.1 compute=46.6 jetson_allow=38.6 mode=1 cooldown=0 adcs=WHEEL_SAT err_truth=2.563 err_est=2.554 conf=0.61 valid=1 stars=18 comms=STANDBY backlog=41393752 jetson_mode=IDLE job=none
[2026-04-26 19:46:04] [INFO] cycle=140 source=125.3 bus=45.1 noncompute=32.1 compute=54.9 jetson_allow=46.9 mode=1 cooldown=0 adcs=WHEEL_SAT err_truth=2.563 err_est=2.555 conf=0.59 valid=1 stars=19 comms=STANDBY backlog=41393752 jetson_mode=IDLE job=none
[2026-04-26 19:46:04] [INFO] cycle=141 source=126.3 bus=42.1 noncompute=29.1 compute=57.9 jetson_allow=49.9 mode=1 cooldown=0 adcs=WHEEL_SAT err_truth=2.563 err_est=2.555 conf=0.00 valid=0 stars=0 comms=STANDBY backlog=41393752 jetson_mode=IDLE job=none
[2026-04-26 19:46:04] [INFO] cycle=142 source=127.4 bus=42.1 noncompute=29.1 compute=58.7 jetson_allow=50.7 mode=1 cooldown=0 adcs=WHEEL_SAT err_truth=2.563 err_est=2.556 conf=0.15 valid=0 stars=23 comms=STANDBY backlog=41393752 jetson_mode=IDLE job=none
[2026-04-26 19:46:04] [INFO] cycle=143 source=128.4 bus=42.1 noncompute=29.1 compute=59.5 jetson_allow=51.5 mode=1 cooldown=0 adcs=WHEEL_SAT err_truth=2.562 err_est=2.556 conf=0.07 valid=0 stars=5 comms=STANDBY backlog=41393752 jetson_mode=IDLE job=none
[2026-04-26 19:46:04] [INFO] cycle=144 source=129.2 bus=42.1 noncompute=29.1 compute=60.1 jetson_allow=52.1 mode=1 cooldown=0 adcs=WHEEL_SAT err_truth=2.562 err_est=2.556 conf=0.35 valid=0 stars=18 comms=STANDBY backlog=41393752 jetson_mode=IDLE job=none
[2026-04-26 19:46:04] [INFO] cycle=145 source=130.0 bus=52.1 noncompute=39.1 compute=53.2 jetson_allow=45.2 mode=1 cooldown=0 adcs=WHEEL_SAT err_truth=2.562 err_est=2.555 conf=0.34 valid=0 stars=22 comms=STANDBY backlog=41393752 jetson_mode=IDLE job=none
[2026-04-26 19:46:04] [INFO] cycle=146 source=130.6 bus=42.1 noncompute=29.1 compute=61.2 jetson_allow=53.2 mode=1 cooldown=0 adcs=WHEEL_SAT err_truth=2.562 err_est=2.554 conf=0.19 valid=0 stars=7 comms=STANDBY backlog=41393752 jetson_mode=IDLE job=none
[2026-04-26 19:46:04] [INFO] cycle=147 source=131.1 bus=42.1 noncompute=29.1 compute=61.5 jetson_allow=53.5 mode=1 cooldown=0 adcs=WHEEL_SAT err_truth=2.561 err_est=2.555 conf=0.25 valid=0 stars=10 comms=STANDBY backlog=41393752 jetson_mode=IDLE job=none
[2026-04-26 19:46:04] [INFO] cycle=148 source=131.4 bus=45.1 noncompute=32.1 compute=59.5 jetson_allow=51.5 mode=1 cooldown=0 adcs=WHEEL_SAT err_truth=2.561 err_est=2.553 conf=0.69 valid=1 stars=25 comms=STANDBY backlog=41393752 jetson_mode=IDLE job=none
[2026-04-26 19:46:04] [INFO] cycle=149 source=131.5 bus=53.1 noncompute=40.1 compute=53.5 jetson_allow=45.5 mode=1 cooldown=0 adcs=WHEEL_SAT err_truth=2.561 err_est=2.553 conf=0.01 valid=0 stars=9 comms=DOWNLINK backlog=41385752 jetson_mode=THROTTLED job=none
[2026-04-26 19:46:04] [INFO] cycle=150 source=131.4 bus=56.1 noncompute=43.1 compute=51.2 jetson_allow=43.2 mode=1 cooldown=0 adcs=WHEEL_SAT err_truth=2.561 err_est=2.554 conf=0.77 valid=1 stars=21 comms=DOWNLINK backlog=41377752 jetson_mode=THROTTLED job=none
[2026-04-26 19:46:04] [INFO] cycle=151 source=131.1 bus=63.1 noncompute=50.1 compute=45.8 jetson_allow=37.8 mode=1 cooldown=0 adcs=WHEEL_SAT err_truth=2.561 err_est=2.554 conf=0.00 valid=0 stars=5 comms=DOWNLINK backlog=41369752 jetson_mode=THROTTLED job=none
[2026-04-26 19:46:04] [INFO] cycle=152 source=130.7 bus=53.1 noncompute=40.1 compute=53.0 jetson_allow=45.0 mode=1 cooldown=0 adcs=WHEEL_SAT err_truth=2.561 err_est=2.553 conf=0.10 valid=0 stars=10 comms=DOWNLINK backlog=41361752 jetson_mode=THROTTLED job=none
[2026-04-26 19:46:04] [INFO] cycle=153 source=130.2 bus=56.1 noncompute=43.1 compute=50.3 jetson_allow=42.3 mode=1 cooldown=0 adcs=WHEEL_SAT err_truth=2.561 err_est=2.554 conf=0.48 valid=1 stars=19 comms=DOWNLINK backlog=41353752 jetson_mode=THROTTLED job=none
[2026-04-26 19:46:04] [INFO] cycle=154 source=129.6 bus=60.1 noncompute=47.1 compute=46.9 jetson_allow=38.9 mode=1 cooldown=0 adcs=WHEEL_SAT err_truth=2.561 err_est=2.555 conf=0.87 valid=1 stars=25 comms=DOWNLINK backlog=41345752 jetson_mode=THROTTLED job=none
[2026-04-26 19:46:04] [INFO] cycle=155 source=128.8 bus=60.1 noncompute=47.1 compute=46.3 jetson_allow=38.3 mode=1 cooldown=0 adcs=WHEEL_SAT err_truth=2.561 err_est=2.556 conf=0.96 valid=1 stars=24 comms=DOWNLINK backlog=41337752 jetson_mode=THROTTLED job=none
[2026-04-26 19:46:05] [INFO] cycle=156 source=128.1 bus=56.1 noncompute=43.1 compute=48.7 jetson_allow=40.7 mode=1 cooldown=0 adcs=WHEEL_SAT err_truth=2.561 err_est=2.555 conf=0.61 valid=1 stars=19 comms=DOWNLINK backlog=41329752 jetson_mode=THROTTLED job=none
[2026-04-26 19:46:05] [INFO] cycle=157 source=127.3 bus=55.1 noncompute=42.1 compute=48.9 jetson_allow=40.9 mode=1 cooldown=0 adcs=WHEEL_SAT err_truth=2.561 err_est=2.555 conf=0.48 valid=1 stars=12 comms=STANDBY backlog=41329752 jetson_mode=IDLE job=none
[2026-04-26 19:46:05] [INFO] cycle=158 source=126.5 bus=45.1 noncompute=32.1 compute=55.7 jetson_allow=47.7 mode=1 cooldown=0 adcs=WHEEL_SAT err_truth=2.560 err_est=2.556 conf=0.46 valid=1 stars=25 comms=STANDBY backlog=41329752 jetson_mode=IDLE job=none
[2026-04-26 19:46:05] [INFO] cycle=159 source=125.7 bus=42.1 noncompute=29.1 compute=57.4 jetson_allow=49.4 mode=1 cooldown=0 adcs=WHEEL_SAT err_truth=2.560 err_est=2.555 conf=0.34 valid=0 stars=10 comms=STANDBY backlog=41329752 jetson_mode=IDLE job=none
[2026-04-26 19:46:05] [INFO] cycle=160 source=125.0 bus=45.1 noncompute=32.1 compute=54.7 jetson_allow=46.7 mode=1 cooldown=0 adcs=WHEEL_SAT err_truth=2.560 err_est=2.554 conf=0.98 valid=1 stars=25 comms=STANDBY backlog=41329752 jetson_mode=IDLE job=none
[2026-04-26 19:46:05] [INFO] cycle=161 source=124.4 bus=42.2 noncompute=29.2 compute=56.5 jetson_allow=48.5 mode=1 cooldown=0 adcs=WHEEL_SAT err_truth=2.560 err_est=2.555 conf=0.26 valid=0 stars=12 comms=STANDBY backlog=41329752 jetson_mode=IDLE job=none
[2026-04-26 19:46:05] [INFO] cycle=162 source=123.9 bus=42.2 noncompute=29.2 compute=56.1 jetson_allow=48.1 mode=1 cooldown=0 adcs=WHEEL_SAT err_truth=2.560 err_est=2.555 conf=0.38 valid=0 stars=11 comms=STANDBY backlog=41329752 jetson_mode=IDLE job=none
[2026-04-26 19:46:05] [INFO] cycle=163 source=123.6 bus=55.2 noncompute=42.2 compute=46.1 jetson_allow=38.1 mode=1 cooldown=0 adcs=WHEEL_SAT err_truth=2.560 err_est=2.555 conf=0.65 valid=1 stars=25 comms=STANDBY backlog=41329752 jetson_mode=IDLE job=none
[2026-04-26 19:46:05] [INFO] cycle=164 source=123.4 bus=45.2 noncompute=32.2 compute=53.4 jetson_allow=45.4 mode=1 cooldown=0 adcs=WHEEL_SAT err_truth=2.560 err_est=2.555 conf=0.59 valid=1 stars=15 comms=STANDBY backlog=41329752 jetson_mode=IDLE job=none
[2026-04-26 19:46:05] [INFO] cycle=165 source=123.3 bus=42.2 noncompute=29.2 compute=55.6 jetson_allow=47.6 mode=1 cooldown=0 adcs=WHEEL_SAT err_truth=2.560 err_est=2.554 conf=0.21 valid=0 stars=24 comms=STANDBY backlog=41329752 jetson_mode=IDLE job=none
[2026-04-26 19:46:05] [INFO] cycle=166 source=123.4 bus=42.2 noncompute=29.2 compute=55.6 jetson_allow=47.6 mode=1 cooldown=0 adcs=WHEEL_SAT err_truth=2.560 err_est=2.554 conf=0.44 valid=0 stars=14 comms=STANDBY backlog=41329752 jetson_mode=IDLE job=none
[2026-04-26 19:46:05] [INFO] cycle=167 source=123.6 bus=45.2 noncompute=32.2 compute=53.5 jetson_allow=45.5 mode=1 cooldown=0 adcs=WHEEL_SAT err_truth=2.560 err_est=2.555 conf=0.94 valid=1 stars=25 comms=STANDBY backlog=41329752 jetson_mode=IDLE job=none
[2026-04-26 19:46:05] [INFO] cycle=168 source=123.9 bus=45.2 noncompute=32.2 compute=53.8 jetson_allow=45.8 mode=1 cooldown=0 adcs=WHEEL_SAT err_truth=2.560 err_est=2.555 conf=0.76 valid=1 stars=19 comms=STANDBY backlog=41329752 jetson_mode=IDLE job=none
[2026-04-26 19:46:05] [INFO] cycle=169 source=124.3 bus=52.2 noncompute=39.2 compute=48.8 jetson_allow=40.8 mode=1 cooldown=0 adcs=WHEEL_SAT err_truth=2.559 err_est=2.556 conf=0.05 valid=0 stars=22 comms=STANDBY backlog=41329752 jetson_mode=IDLE job=none
[2026-04-26 19:46:05] [INFO] cycle=170 source=124.7 bus=42.2 noncompute=29.2 compute=56.6 jetson_allow=48.6 mode=1 cooldown=0 adcs=WHEEL_SAT err_truth=2.559 err_est=2.556 conf=0.03 valid=0 stars=14 comms=STANDBY backlog=41329752 jetson_mode=IDLE job=none
[2026-04-26 19:46:05] [INFO] cycle=171 source=125.2 bus=45.2 noncompute=32.2 compute=54.8 jetson_allow=46.8 mode=1 cooldown=0 adcs=WHEEL_SAT err_truth=2.559 err_est=2.556 conf=0.87 valid=1 stars=22 comms=STANDBY backlog=41329752 jetson_mode=IDLE job=none
[2026-04-26 19:46:05] [INFO] cycle=172 source=125.8 bus=42.2 noncompute=29.2 compute=57.4 jetson_allow=49.4 mode=1 cooldown=0 adcs=WHEEL_SAT err_truth=2.559 err_est=2.555 conf=0.25 valid=0 stars=7 comms=STANDBY backlog=41329752 jetson_mode=IDLE job=none
[2026-04-26 19:46:05] [INFO] cycle=173 source=126.3 bus=45.2 noncompute=32.2 compute=55.5 jetson_allow=47.5 mode=1 cooldown=0 adcs=WHEEL_SAT err_truth=2.558 err_est=2.555 conf=0.82 valid=1 stars=24 comms=STANDBY backlog=41329752 jetson_mode=IDLE job=none
[2026-04-26 19:46:05] [INFO] cycle=174 source=126.7 bus=45.2 noncompute=32.2 compute=55.9 jetson_allow=47.9 mode=1 cooldown=0 adcs=WHEEL_SAT err_truth=2.558 err_est=2.555 conf=0.46 valid=1 stars=13 comms=STANDBY backlog=41329752 jetson_mode=IDLE job=none
[2026-04-26 19:46:05] [INFO] cycle=175 source=127.1 bus=52.2 noncompute=39.2 compute=50.9 jetson_allow=42.9 mode=1 cooldown=0 adcs=WHEEL_SAT err_truth=2.558 err_est=2.555 conf=0.32 valid=0 stars=8 comms=STANDBY backlog=41329752 jetson_mode=IDLE job=none
[2026-04-26 19:46:05] [INFO] cycle=176 source=127.3 bus=46.3 noncompute=33.3 compute=55.6 jetson_allow=47.6 mode=1 cooldown=0 adcs=WHEEL_SAT err_truth=2.558 err_est=2.555 conf=0.38 valid=0 stars=12 comms=STANDBY backlog=41329752 jetson_mode=IDLE job=none
[2026-04-26 19:46:05] [INFO] cycle=177 source=127.5 bus=49.3 noncompute=36.3 compute=53.4 jetson_allow=45.4 mode=1 cooldown=0 adcs=WHEEL_SAT err_truth=2.558 err_est=2.554 conf=0.48 valid=1 stars=12 comms=STANDBY backlog=41329752 jetson_mode=IDLE job=none
[2026-04-26 19:46:06] [INFO] cycle=178 source=127.4 bus=42.3 noncompute=29.3 compute=58.6 jetson_allow=50.6 mode=1 cooldown=0 adcs=WHEEL_SAT err_truth=2.557 err_est=2.554 conf=0.37 valid=0 stars=16 comms=STANDBY backlog=41329752 jetson_mode=IDLE job=none
[2026-04-26 19:46:06] [INFO] cycle=179 source=127.3 bus=53.3 noncompute=40.3 compute=50.2 jetson_allow=42.2 mode=1 cooldown=0 adcs=WHEEL_SAT err_truth=2.557 err_est=2.554 conf=0.23 valid=0 stars=9 comms=DOWNLINK backlog=41321752 jetson_mode=THROTTLED job=none
[2026-04-26 19:46:06] [INFO] cycle=180 source=126.9 bus=56.3 noncompute=43.3 compute=47.7 jetson_allow=39.7 mode=1 cooldown=0 adcs=WHEEL_SAT err_truth=2.557 err_est=2.554 conf=0.80 valid=1 stars=20 comms=DOWNLINK backlog=41313752 jetson_mode=THROTTLED job=none
[2026-04-26 19:46:06] [INFO] cycle=181 source=126.4 bus=63.3 noncompute=50.3 compute=42.1 jetson_allow=34.1 mode=1 cooldown=0 adcs=WHEEL_SAT err_truth=2.557 err_est=2.554 conf=0.31 valid=0 stars=8 comms=DOWNLINK backlog=41305752 jetson_mode=THROTTLED job=none
[2026-04-26 19:46:06] [INFO] cycle=182 source=125.7 bus=53.3 noncompute=40.3 compute=49.1 jetson_allow=41.1 mode=1 cooldown=0 adcs=WHEEL_SAT err_truth=2.557 err_est=2.553 conf=0.36 valid=0 stars=9 comms=DOWNLINK backlog=41297752 jetson_mode=THROTTLED job=none
[2026-04-26 19:46:06] [INFO] cycle=183 source=124.9 bus=56.3 noncompute=43.3 compute=46.2 jetson_allow=38.2 mode=1 cooldown=0 adcs=WHEEL_SAT err_truth=2.557 err_est=2.554 conf=0.55 valid=1 stars=14 comms=DOWNLINK backlog=41289752 jetson_mode=THROTTLED job=none
[2026-04-26 19:46:06] [INFO] cycle=184 source=124.0 bus=56.3 noncompute=43.3 compute=45.5 jetson_allow=37.5 mode=1 cooldown=0 adcs=WHEEL_SAT err_truth=2.557 err_est=2.554 conf=0.64 valid=1 stars=16 comms=DOWNLINK backlog=41281752 jetson_mode=THROTTLED job=none
[2026-04-26 19:46:06] [INFO] cycle=185 source=122.9 bus=53.3 noncompute=40.3 compute=47.0 jetson_allow=39.0 mode=1 cooldown=0 adcs=WHEEL_SAT err_truth=2.557 err_est=2.554 conf=0.40 valid=0 stars=12 comms=DOWNLINK backlog=41273752 jetson_mode=THROTTLED job=none
[2026-04-26 19:46:06] [INFO] cycle=186 source=121.8 bus=53.3 noncompute=40.3 compute=46.1 jetson_allow=38.1 mode=1 cooldown=0 adcs=WHEEL_SAT err_truth=2.557 err_est=2.554 conf=0.21 valid=0 stars=6 comms=DOWNLINK backlog=41265752 jetson_mode=THROTTLED job=none
[2026-04-26 19:46:06] [INFO] cycle=187 source=120.6 bus=52.3 noncompute=39.3 compute=46.0 jetson_allow=38.0 mode=1 cooldown=0 adcs=WHEEL_SAT err_truth=2.556 err_est=2.553 conf=0.16 valid=0 stars=7 comms=STANDBY backlog=41265752 jetson_mode=IDLE job=none
[2026-04-26 19:46:06] [INFO] cycle=188 source=119.4 bus=42.3 noncompute=29.3 compute=52.5 jetson_allow=44.5 mode=1 cooldown=0 adcs=WHEEL_SAT err_truth=2.556 err_est=2.554 conf=0.40 valid=0 stars=17 comms=STANDBY backlog=41265752 jetson_mode=IDLE job=none
[2026-04-26 19:46:06] [INFO] cycle=189 source=118.2 bus=45.3 noncompute=32.3 compute=49.4 jetson_allow=41.4 mode=1 cooldown=0 adcs=WHEEL_SAT err_truth=2.556 err_est=2.554 conf=0.51 valid=1 stars=21 comms=STANDBY backlog=41265752 jetson_mode=IDLE job=none
[2026-04-26 19:46:06] [INFO] cycle=190 source=117.1 bus=45.3 noncompute=32.3 compute=48.6 jetson_allow=40.6 mode=1 cooldown=0 adcs=WHEEL_SAT err_truth=2.556 err_est=2.555 conf=0.92 valid=1 stars=25 comms=STANDBY backlog=41265752 jetson_mode=IDLE job=none
[2026-04-26 19:46:06] [INFO] cycle=191 source=116.0 bus=45.3 noncompute=32.3 compute=47.8 jetson_allow=39.8 mode=1 cooldown=0 adcs=WHEEL_SAT err_truth=2.556 err_est=2.553 conf=0.64 valid=1 stars=19 comms=STANDBY backlog=41265752 jetson_mode=IDLE job=none
[2026-04-26 19:46:06] [INFO] cycle=192 source=115.1 bus=42.4 noncompute=29.4 compute=49.3 jetson_allow=41.3 mode=1 cooldown=0 adcs=WHEEL_SAT err_truth=2.556 err_est=2.554 conf=0.24 valid=0 stars=15 comms=STANDBY backlog=41265752 jetson_mode=IDLE job=none
[2026-04-26 19:46:06] [INFO] cycle=193 source=114.3 bus=55.4 noncompute=42.4 compute=38.9 jetson_allow=30.9 mode=1 cooldown=0 adcs=WHEEL_SAT err_truth=2.556 err_est=2.554 conf=0.87 valid=1 stars=22 comms=STANDBY backlog=41265752 jetson_mode=IDLE job=none
[2026-04-26 19:46:06] [INFO] cycle=194 source=113.6 bus=45.4 noncompute=32.4 compute=45.9 jetson_allow=37.9 mode=1 cooldown=0 adcs=WHEEL_SAT err_truth=2.556 err_est=2.554 conf=0.68 valid=1 stars=17 comms=STANDBY backlog=41265752 jetson_mode=IDLE job=none
[2026-04-26 19:46:06] [INFO] cycle=195 source=113.1 bus=42.4 noncompute=29.4 compute=47.8 jetson_allow=39.8 mode=1 cooldown=0 adcs=WHEEL_SAT err_truth=2.556 err_est=2.553 conf=0.17 valid=0 stars=12 comms=STANDBY backlog=41265752 jetson_mode=IDLE job=none
[2026-04-26 19:46:06] [INFO] cycle=196 source=112.7 bus=42.4 noncompute=29.4 compute=47.5 jetson_allow=39.5 mode=1 cooldown=0 adcs=WHEEL_SAT err_truth=2.556 err_est=2.553 conf=0.20 valid=0 stars=15 comms=STANDBY backlog=41265752 jetson_mode=IDLE job=none
[2026-04-26 19:46:06] [INFO] cycle=197 source=112.6 bus=45.4 noncompute=32.4 compute=45.1 jetson_allow=37.1 mode=1 cooldown=0 adcs=WHEEL_SAT err_truth=2.556 err_est=2.553 conf=0.96 valid=1 stars=25 comms=STANDBY backlog=41265752 jetson_mode=IDLE job=none
[2026-04-26 19:46:06] [INFO] cycle=198 source=112.5 bus=49.4 noncompute=36.4 compute=42.1 jetson_allow=34.1 mode=1 cooldown=0 adcs=WHEEL_SAT err_truth=2.556 err_est=2.553 conf=0.69 valid=1 stars=18 comms=STANDBY backlog=41265752 jetson_mode=IDLE job=none
[2026-04-26 19:46:06] [INFO] cycle=199 source=112.7 bus=59.4 noncompute=46.4 compute=34.7 jetson_allow=26.7 mode=1 cooldown=0 adcs=WHEEL_SAT err_truth=2.556 err_est=2.553 conf=0.47 valid=1 stars=21 comms=STANDBY backlog=41265752 jetson_mode=IDLE job=none
[2026-04-26 19:46:07] [INFO] cycle=200 source=112.9 bus=45.4 noncompute=32.4 compute=45.4 jetson_allow=37.4 mode=1 cooldown=0 adcs=WHEEL_SAT err_truth=2.556 err_est=2.554 conf=0.72 valid=1 stars=18 comms=STANDBY backlog=41265752 jetson_mode=IDLE job=none
[2026-04-26 19:46:07] [INFO] cycle=201 source=113.3 bus=42.4 noncompute=29.4 compute=47.9 jetson_allow=39.9 mode=1 cooldown=0 adcs=WHEEL_SAT err_truth=2.556 err_est=2.553 conf=0.18 valid=0 stars=7 comms=STANDBY backlog=41265752 jetson_mode=IDLE job=none
[2026-04-26 19:46:07] [INFO] cycle=202 source=113.7 bus=45.4 noncompute=32.4 compute=46.0 jetson_allow=38.0 mode=1 cooldown=0 adcs=WHEEL_SAT err_truth=2.556 err_est=2.553 conf=0.85 valid=1 stars=22 comms=STANDBY backlog=41265752 jetson_mode=IDLE job=none
[2026-04-26 19:46:07] [INFO] cycle=203 source=114.2 bus=45.4 noncompute=32.4 compute=46.4 jetson_allow=38.4 mode=1 cooldown=0 adcs=WHEEL_SAT err_truth=2.556 err_est=2.553 conf=0.48 valid=1 stars=12 comms=STANDBY backlog=41265752 jetson_mode=IDLE job=none
[2026-04-26 19:46:07] [INFO] cycle=204 source=114.8 bus=45.4 noncompute=32.4 compute=46.7 jetson_allow=38.7 mode=1 cooldown=0 adcs=WHEEL_SAT err_truth=2.556 err_est=2.554 conf=0.68 valid=1 stars=23 comms=STANDBY backlog=41265752 jetson_mode=IDLE job=none
[2026-04-26 19:46:07] [INFO] cycle=205 source=115.3 bus=52.4 noncompute=39.4 compute=41.9 jetson_allow=33.9 mode=1 cooldown=0 adcs=WHEEL_SAT err_truth=2.556 err_est=2.555 conf=0.11 valid=0 stars=13 comms=STANDBY backlog=41265752 jetson_mode=IDLE job=none
[2026-04-26 19:46:07] [INFO] cycle=206 source=115.7 bus=45.4 noncompute=32.4 compute=47.5 jetson_allow=39.5 mode=1 cooldown=0 adcs=WHEEL_SAT err_truth=2.556 err_est=2.553 conf=0.56 valid=1 stars=19 comms=STANDBY backlog=41265752 jetson_mode=IDLE job=none
[2026-04-26 19:46:07] [INFO] cycle=207 source=116.1 bus=45.5 noncompute=32.5 compute=47.8 jetson_allow=39.8 mode=1 cooldown=0 adcs=WHEEL_SAT err_truth=2.556 err_est=2.553 conf=0.51 valid=1 stars=14 comms=STANDBY backlog=41265752 jetson_mode=IDLE job=none
[2026-04-26 19:46:07] [INFO] cycle=208 source=116.4 bus=45.5 noncompute=32.5 compute=48.0 jetson_allow=40.0 mode=1 cooldown=0 adcs=WHEEL_SAT err_truth=2.556 err_est=2.554 conf=0.75 valid=1 stars=22 comms=STANDBY backlog=41265752 jetson_mode=IDLE job=none
[2026-04-26 19:46:07] [INFO] cycle=209 source=116.6 bus=53.5 noncompute=40.5 compute=42.1 jetson_allow=34.1 mode=1 cooldown=0 adcs=WHEEL_SAT err_truth=2.556 err_est=2.553 conf=0.40 valid=0 stars=11 comms=DOWNLINK backlog=41257752 jetson_mode=THROTTLED job=none
[2026-04-26 19:46:07] [INFO] cycle=210 source=116.7 bus=56.5 noncompute=43.5 compute=39.9 jetson_allow=31.9 mode=1 cooldown=0 adcs=WHEEL_SAT err_truth=2.556 err_est=2.555 conf=0.68 valid=1 stars=17 comms=DOWNLINK backlog=41249752 jetson_mode=THROTTLED job=none
[2026-04-26 19:46:07] [INFO] cycle=211 source=116.6 bus=66.5 noncompute=53.5 compute=32.4 jetson_allow=24.4 mode=1 cooldown=0 adcs=WHEEL_SAT err_truth=2.556 err_est=2.555 conf=0.67 valid=1 stars=21 comms=DOWNLINK backlog=41241752 jetson_mode=THROTTLED job=none
[2026-04-26 19:46:07] [INFO] cycle=212 source=116.4 bus=53.5 noncompute=40.5 compute=41.9 jetson_allow=33.9 mode=1 cooldown=0 adcs=WHEEL_SAT err_truth=2.556 err_est=2.556 conf=0.23 valid=0 stars=8 comms=DOWNLINK backlog=41233752 jetson_mode=THROTTLED job=none
[2026-04-26 19:46:07] [INFO] cycle=213 source=116.0 bus=53.5 noncompute=40.5 compute=41.7 jetson_allow=33.7 mode=1 cooldown=0 adcs=WHEEL_SAT err_truth=2.556 err_est=2.556 conf=0.20 valid=0 stars=19 comms=DOWNLINK backlog=41225752 jetson_mode=THROTTLED job=none
[2026-04-26 19:46:07] [INFO] cycle=214 source=115.6 bus=53.5 noncompute=40.5 compute=41.3 jetson_allow=33.3 mode=1 cooldown=0 adcs=WHEEL_SAT err_truth=2.556 err_est=2.554 conf=0.22 valid=0 stars=6 comms=DOWNLINK backlog=41217752 jetson_mode=THROTTLED job=none
[2026-04-26 19:46:07] [INFO] cycle=215 source=115.0 bus=56.5 noncompute=43.5 compute=38.6 jetson_allow=30.6 mode=1 cooldown=0 adcs=WHEEL_SAT err_truth=2.555 err_est=2.555 conf=0.94 valid=1 stars=24 comms=DOWNLINK backlog=41209752 jetson_mode=THROTTLED job=none
[2026-04-26 19:46:07] [INFO] cycle=216 source=114.3 bus=56.5 noncompute=43.5 compute=38.1 jetson_allow=30.1 mode=1 cooldown=0 adcs=WHEEL_SAT err_truth=2.555 err_est=2.555 conf=0.97 valid=1 stars=25 comms=DOWNLINK backlog=41201752 jetson_mode=THROTTLED job=none
[2026-04-26 19:46:07] [INFO] cycle=217 source=113.5 bus=52.5 noncompute=39.5 compute=40.5 jetson_allow=32.5 mode=1 cooldown=0 adcs=WHEEL_SAT err_truth=2.555 err_est=2.554 conf=0.40 valid=0 stars=10 comms=STANDBY backlog=41201752 jetson_mode=IDLE job=none
[2026-04-26 19:46:07] [INFO] cycle=218 source=112.7 bus=45.5 noncompute=32.5 compute=45.2 jetson_allow=37.2 mode=1 cooldown=0 adcs=WHEEL_SAT err_truth=2.555 err_est=2.555 conf=0.54 valid=1 stars=17 comms=STANDBY backlog=41201752 jetson_mode=IDLE job=none
[2026-04-26 19:46:07] [INFO] cycle=219 source=111.9 bus=42.5 noncompute=29.5 compute=46.8 jetson_allow=38.8 mode=1 cooldown=0 adcs=WHEEL_SAT err_truth=2.555 err_est=2.555 conf=0.24 valid=0 stars=6 comms=STANDBY backlog=41201752 jetson_mode=IDLE job=none
[2026-04-26 19:46:07] [INFO] cycle=220 source=111.1 bus=46.5 noncompute=33.5 compute=43.2 jetson_allow=35.2 mode=1 cooldown=0 adcs=WHEEL_SAT err_truth=2.554 err_est=2.555 conf=0.31 valid=0 stars=11 comms=STANDBY backlog=41201752 jetson_mode=IDLE job=none
[2026-04-26 19:46:07] [INFO] cycle=221 source=110.4 bus=49.5 noncompute=36.5 compute=40.4 jetson_allow=32.4 mode=1 cooldown=0 adcs=WHEEL_SAT err_truth=2.554 err_est=2.555 conf=0.58 valid=1 stars=20 comms=STANDBY backlog=41201752 jetson_mode=IDLE job=none
[2026-04-26 19:46:08] [INFO] cycle=222 source=109.8 bus=42.6 noncompute=29.6 compute=45.2 jetson_allow=37.2 mode=1 cooldown=0 adcs=WHEEL_SAT err_truth=2.554 err_est=2.555 conf=0.16 valid=0 stars=6 comms=STANDBY backlog=41201752 jetson_mode=IDLE job=none
[2026-04-26 19:46:08] [INFO] cycle=223 source=109.2 bus=52.6 noncompute=39.6 compute=37.3 jetson_allow=29.3 mode=1 cooldown=0 adcs=WHEEL_SAT err_truth=2.554 err_est=2.554 conf=0.26 valid=0 stars=11 comms=STANDBY backlog=41201752 jetson_mode=IDLE job=none
[2026-04-26 19:46:08] [INFO] cycle=224 source=108.9 bus=42.6 noncompute=29.6 compute=44.5 jetson_allow=36.5 mode=1 cooldown=0 adcs=WHEEL_SAT err_truth=2.554 err_est=2.553 conf=0.25 valid=0 stars=7 comms=STANDBY backlog=41201752 jetson_mode=IDLE job=none
[2026-04-26 19:46:08] [INFO] cycle=225 source=108.6 bus=42.6 noncompute=29.6 compute=44.3 jetson_allow=36.3 mode=1 cooldown=0 adcs=WHEEL_SAT err_truth=2.554 err_est=2.553 conf=0.43 valid=0 stars=11 comms=STANDBY backlog=41201752 jetson_mode=IDLE job=none
[2026-04-26 19:46:08] [INFO] cycle=226 source=108.5 bus=42.6 noncompute=29.6 compute=44.2 jetson_allow=36.2 mode=1 cooldown=0 adcs=WHEEL_SAT err_truth=2.554 err_est=2.553 conf=0.20 valid=0 stars=8 comms=STANDBY backlog=41201752 jetson_mode=IDLE job=none
[2026-04-26 19:46:08] [INFO] cycle=227 source=108.6 bus=42.6 noncompute=29.6 compute=44.3 jetson_allow=36.3 mode=1 cooldown=0 adcs=WHEEL_SAT err_truth=2.553 err_est=2.553 conf=0.21 valid=0 stars=9 comms=STANDBY backlog=41201752 jetson_mode=IDLE job=none
[2026-04-26 19:46:08] [INFO] cycle=228 source=108.9 bus=42.6 noncompute=29.6 compute=44.5 jetson_allow=36.5 mode=1 cooldown=0 adcs=WHEEL_SAT err_truth=2.553 err_est=2.553 conf=0.30 valid=0 stars=11 comms=STANDBY backlog=41201752 jetson_mode=IDLE job=none
[2026-04-26 19:46:08] [INFO] cycle=229 source=109.4 bus=52.6 noncompute=39.6 compute=37.3 jetson_allow=29.3 mode=1 cooldown=0 adcs=WHEEL_SAT err_truth=2.554 err_est=2.553 conf=0.21 valid=0 stars=7 comms=STANDBY backlog=41201752 jetson_mode=IDLE job=none
[2026-04-26 19:46:08] [INFO] cycle=230 source=110.0 bus=42.6 noncompute=29.6 compute=45.3 jetson_allow=37.3 mode=1 cooldown=0 adcs=WHEEL_SAT err_truth=2.553 err_est=2.554 conf=0.37 valid=0 stars=11 comms=STANDBY backlog=41201752 jetson_mode=IDLE job=none
[2026-04-26 19:46:08] [INFO] cycle=231 source=110.8 bus=42.6 noncompute=29.6 compute=45.9 jetson_allow=37.9 mode=1 cooldown=0 adcs=WHEEL_SAT err_truth=2.553 err_est=2.553 conf=0.32 valid=0 stars=13 comms=STANDBY backlog=41201752 jetson_mode=IDLE job=none
[2026-04-26 19:46:08] [INFO] cycle=232 source=111.7 bus=45.6 noncompute=32.6 compute=44.3 jetson_allow=36.3 mode=1 cooldown=0 adcs=WHEEL_SAT err_truth=2.553 err_est=2.552 conf=0.47 valid=1 stars=13 comms=STANDBY backlog=41201752 jetson_mode=IDLE job=none
[2026-04-26 19:46:08] [INFO] cycle=233 source=112.6 bus=42.6 noncompute=29.6 compute=47.3 jetson_allow=39.3 mode=1 cooldown=0 adcs=WHEEL_SAT err_truth=2.553 err_est=2.552 conf=0.22 valid=0 stars=11 comms=STANDBY backlog=41201752 jetson_mode=IDLE job=none
[2026-04-26 19:46:08] [INFO] cycle=234 source=113.7 bus=42.6 noncompute=29.6 compute=48.0 jetson_allow=40.0 mode=1 cooldown=0 adcs=WHEEL_SAT err_truth=2.554 err_est=2.553 conf=0.30 valid=0 stars=18 comms=STANDBY backlog=41201752 jetson_mode=IDLE job=none
[2026-04-26 19:46:08] [INFO] cycle=235 source=114.8 bus=52.6 noncompute=39.6 compute=41.3 jetson_allow=33.3 mode=1 cooldown=0 adcs=WHEEL_SAT err_truth=2.554 err_est=2.554 conf=0.18 valid=0 stars=5 comms=STANDBY backlog=41201752 jetson_mode=IDLE job=none
[2026-04-26 19:46:08] [INFO] cycle=236 source=115.8 bus=42.6 noncompute=29.6 compute=49.6 jetson_allow=41.6 mode=1 cooldown=0 adcs=WHEEL_SAT err_truth=2.554 err_est=2.554 conf=0.16 valid=0 stars=6 comms=STANDBY backlog=41201752 jetson_mode=IDLE job=none
[2026-04-26 19:46:08] [INFO] cycle=237 source=116.9 bus=42.7 noncompute=29.7 compute=50.4 jetson_allow=42.4 mode=1 cooldown=0 adcs=WHEEL_SAT err_truth=2.553 err_est=2.554 conf=0.22 valid=0 stars=7 comms=STANDBY backlog=41201752 jetson_mode=IDLE job=none
[2026-04-26 19:46:08] [INFO] cycle=238 source=117.9 bus=45.7 noncompute=32.7 compute=48.9 jetson_allow=40.9 mode=1 cooldown=0 adcs=WHEEL_SAT err_truth=2.553 err_est=2.552 conf=0.68 valid=1 stars=17 comms=STANDBY backlog=41201752 jetson_mode=IDLE job=none
[2026-04-26 19:46:08] [INFO] cycle=239 source=118.8 bus=67.7 noncompute=54.7 compute=33.1 jetson_allow=25.1 mode=1 cooldown=0 adcs=WHEEL_SAT err_truth=2.553 err_est=2.552 conf=0.30 valid=0 stars=14 comms=DOWNLINK backlog=41193752 jetson_mode=THROTTLED job=none
[2026-04-26 19:46:08] [INFO] Pi flight software exiting
