[2026-04-26 23:53:32] [INFO] Pi flight software starting
[2026-04-26 23:53:32] [INFO] Pi flight running with local Jetson transport
[2026-04-26 23:53:32] [INFO] cycle=0 source=119.6 bus=53.0 noncompute=44.0 compute=41.7 jetson_allow=37.7 mode=0 cooldown=0 adcs=TRACKER_DEGRADED err_truth=1.763 err_est=0.044 conf=0.10 valid=0 stars=18 comms=READY backlog=0 jetson_mode=IDLE job=none
[2026-04-26 23:53:32] [INFO] cycle=1 source=119.2 bus=53.0 noncompute=44.0 compute=41.4 jetson_allow=37.4 mode=0 cooldown=0 adcs=TRACKER_DEGRADED err_truth=1.821 err_est=0.101 conf=0.24 valid=0 stars=8 comms=READY backlog=0 jetson_mode=IDLE job=none
[2026-04-26 23:53:33] [INFO] captured dataset_0 (1336x1336) stages=2
[2026-04-26 23:53:33] [INFO] cycle=2 source=118.9 bus=66.1 noncompute=43.1 compute=41.9 jetson_allow=33.9 mode=0 cooldown=0 adcs=CORRECTING err_truth=1.890 err_est=0.265 conf=0.68 valid=1 stars=17 comms=READY backlog=0 jetson_mode=ACTIVE job=refine
[2026-04-26 23:53:33] [INFO] cycle=3 source=118.7 bus=50.1 noncompute=37.1 compute=46.2 jetson_allow=38.2 mode=0 cooldown=0 adcs=TRACKER_DEGRADED err_truth=1.965 err_est=0.340 conf=0.39 valid=0 stars=14 comms=DOWNLINK backlog=778672 jetson_mode=THROTTLED job=none
[2026-04-26 23:53:33] [INFO] cycle=4 source=118.6 bus=50.1 noncompute=37.1 compute=46.1 jetson_allow=38.1 mode=0 cooldown=0 adcs=TRACKER_DEGRADED err_truth=2.043 err_est=0.419 conf=0.37 valid=0 stars=11 comms=DOWNLINK backlog=770672 jetson_mode=THROTTLED job=none
[2026-04-26 23:53:33] [INFO] cycle=5 source=118.6 bus=53.1 noncompute=40.1 compute=43.9 jetson_allow=35.9 mode=0 cooldown=0 adcs=CORRECTING err_truth=2.123 err_est=0.563 conf=0.49 valid=1 stars=16 comms=DOWNLINK backlog=762672 jetson_mode=THROTTLED job=none
[2026-04-26 23:53:33] [INFO] cycle=6 source=118.8 bus=53.1 noncompute=40.1 compute=44.0 jetson_allow=36.0 mode=0 cooldown=0 adcs=CORRECTING err_truth=2.202 err_est=0.720 conf=0.63 valid=1 stars=23 comms=DOWNLINK backlog=754672 jetson_mode=THROTTLED job=none
[2026-04-26 23:53:33] [INFO] cycle=7 source=119.1 bus=52.2 noncompute=29.2 compute=52.5 jetson_allow=44.5 mode=0 cooldown=0 adcs=CORRECTING err_truth=2.276 err_est=0.850 conf=0.46 valid=1 stars=12 comms=STANDBY backlog=754672 jetson_mode=ACTIVE job=refine
[2026-04-26 23:53:33] [INFO] cycle=8 source=119.6 bus=38.2 noncompute=29.2 compute=52.8 jetson_allow=48.8 mode=0 cooldown=0 adcs=CORRECTING err_truth=2.346 err_est=0.972 conf=0.45 valid=1 stars=12 comms=STANDBY backlog=3900640 jetson_mode=IDLE job=none
[2026-04-26 23:53:33] [INFO] cycle=9 source=120.2 bus=38.2 noncompute=29.2 compute=53.2 jetson_allow=49.2 mode=0 cooldown=0 adcs=CORRECTING err_truth=2.408 err_est=1.097 conf=0.57 valid=1 stars=15 comms=STANDBY backlog=3900640 jetson_mode=IDLE job=none
[2026-04-26 23:53:33] [INFO] cycle=10 source=120.9 bus=35.3 noncompute=26.3 compute=56.0 jetson_allow=52.0 mode=0 cooldown=0 adcs=TRACKER_DEGRADED err_truth=2.463 err_est=1.152 conf=0.27 valid=0 stars=8 comms=STANDBY backlog=3900640 jetson_mode=IDLE job=none
[2026-04-26 23:53:33] [INFO] cycle=11 source=121.8 bus=35.3 noncompute=26.3 compute=56.7 jetson_allow=52.7 mode=0 cooldown=0 adcs=TRACKER_DEGRADED err_truth=2.511 err_est=1.200 conf=0.33 valid=0 stars=9 comms=STANDBY backlog=3900640 jetson_mode=IDLE job=none
[2026-04-26 23:53:33] [INFO] cycle=12 source=122.8 bus=38.3 noncompute=29.3 compute=55.1 jetson_allow=51.1 mode=0 cooldown=0 adcs=CORRECTING err_truth=2.552 err_est=1.340 conf=0.95 valid=1 stars=24 comms=STANDBY backlog=3900640 jetson_mode=IDLE job=none
[2026-04-26 23:53:33] [INFO] cycle=13 source=123.8 bus=35.3 noncompute=26.3 compute=58.1 jetson_allow=54.1 mode=0 cooldown=0 adcs=TRACKER_DEGRADED err_truth=2.585 err_est=1.373 conf=0.18 valid=0 stars=10 comms=STANDBY backlog=3900640 jetson_mode=IDLE job=none
[2026-04-26 23:53:33] [INFO] cycle=14 source=124.9 bus=38.4 noncompute=29.4 compute=56.6 jetson_allow=52.6 mode=0 cooldown=0 adcs=CORRECTING err_truth=2.611 err_est=1.461 conf=0.63 valid=1 stars=16 comms=STANDBY backlog=3900640 jetson_mode=IDLE job=none
[2026-04-26 23:53:33] [INFO] cycle=15 source=126.0 bus=35.4 noncompute=26.4 compute=59.7 jetson_allow=55.7 mode=0 cooldown=0 adcs=TRACKER_DEGRADED err_truth=2.629 err_est=1.479 conf=0.10 valid=0 stars=8 comms=STANDBY backlog=3900640 jetson_mode=IDLE job=none
[2026-04-26 23:53:33] [INFO] cycle=16 source=127.0 bus=35.4 noncompute=26.4 compute=60.5 jetson_allow=56.5 mode=0 cooldown=0 adcs=TRACKER_DEGRADED err_truth=2.641 err_est=1.490 conf=0.25 valid=0 stars=7 comms=STANDBY backlog=3900640 jetson_mode=IDLE job=none
[2026-04-26 23:53:33] [INFO] cycle=17 source=128.0 bus=38.4 noncompute=29.4 compute=58.9 jetson_allow=54.9 mode=0 cooldown=0 adcs=CORRECTING err_truth=2.648 err_est=1.542 conf=0.48 valid=1 stars=13 comms=STANDBY backlog=3900640 jetson_mode=IDLE job=none
[2026-04-26 23:53:33] [INFO] cycle=18 source=129.0 bus=38.5 noncompute=29.5 compute=59.6 jetson_allow=55.6 mode=0 cooldown=0 adcs=CORRECTING err_truth=2.649 err_est=1.589 conf=0.52 valid=1 stars=13 comms=STANDBY backlog=3900640 jetson_mode=IDLE job=none
[2026-04-26 23:53:33] [INFO] cycle=19 source=129.8 bus=35.5 noncompute=26.5 compute=62.5 jetson_allow=58.5 mode=0 cooldown=0 adcs=TRACKER_DEGRADED err_truth=2.645 err_est=1.584 conf=0.28 valid=0 stars=12 comms=STANDBY backlog=3900640 jetson_mode=IDLE job=none
[2026-04-26 23:53:33] [INFO] cycle=20 source=130.4 bus=38.5 noncompute=29.5 compute=60.7 jetson_allow=56.7 mode=0 cooldown=0 adcs=CORRECTING err_truth=2.671 err_est=1.654 conf=0.53 valid=1 stars=15 comms=STANDBY backlog=3900640 jetson_mode=IDLE job=none
[2026-04-26 23:53:33] [INFO] cycle=21 source=130.9 bus=38.6 noncompute=29.6 compute=61.0 jetson_allow=57.0 mode=0 cooldown=0 adcs=CORRECTING err_truth=2.721 err_est=1.780 conf=0.94 valid=1 stars=24 comms=STANDBY backlog=3900640 jetson_mode=IDLE job=none
[2026-04-26 23:53:33] [INFO] cycle=22 source=131.3 bus=42.6 noncompute=33.6 compute=58.2 jetson_allow=54.2 mode=0 cooldown=0 adcs=CORRECTING err_truth=2.790 err_est=1.885 conf=0.47 valid=1 stars=13 comms=STANDBY backlog=3900640 jetson_mode=IDLE job=none
[2026-04-26 23:53:33] [INFO] cycle=23 source=131.4 bus=42.7 noncompute=33.7 compute=58.3 jetson_allow=54.3 mode=0 cooldown=0 adcs=CORRECTING err_truth=2.871 err_est=2.013 conf=0.62 valid=1 stars=20 comms=STANDBY backlog=3900640 jetson_mode=IDLE job=none
[2026-04-26 23:53:34] [INFO] cycle=24 source=131.4 bus=38.7 noncompute=29.7 compute=61.3 jetson_allow=57.3 mode=0 cooldown=0 adcs=CORRECTING err_truth=2.963 err_est=2.157 conf=0.76 valid=1 stars=24 comms=STANDBY backlog=3900640 jetson_mode=IDLE job=none
[2026-04-26 23:53:34] [INFO] cycle=25 source=131.2 bus=38.8 noncompute=29.8 compute=61.1 jetson_allow=57.1 mode=0 cooldown=0 adcs=CORRECTING err_truth=3.060 err_est=2.299 conf=0.68 valid=1 stars=17 comms=STANDBY backlog=3900640 jetson_mode=IDLE job=none
[2026-04-26 23:53:34] [INFO] cycle=26 source=130.9 bus=38.8 noncompute=29.8 compute=60.8 jetson_allow=56.8 mode=0 cooldown=0 adcs=CORRECTING err_truth=3.159 err_est=2.443 conf=0.71 valid=1 stars=23 comms=STANDBY backlog=3900640 jetson_mode=IDLE job=none
[2026-04-26 23:53:34] [INFO] cycle=27 source=130.4 bus=35.9 noncompute=26.9 compute=62.6 jetson_allow=58.6 mode=0 cooldown=0 adcs=TRACKER_DEGRADED err_truth=3.258 err_est=2.546 conf=0.18 valid=0 stars=9 comms=STANDBY backlog=3900640 jetson_mode=IDLE job=none
[2026-04-26 23:53:34] [INFO] cycle=28 source=129.8 bus=35.9 noncompute=26.9 compute=62.1 jetson_allow=58.1 mode=0 cooldown=0 adcs=TRACKER_DEGRADED err_truth=3.356 err_est=2.646 conf=0.37 valid=0 stars=14 comms=STANDBY backlog=3900640 jetson_mode=IDLE job=none
[2026-04-26 23:53:34] [INFO] cycle=29 source=129.1 bus=50.0 noncompute=41.0 compute=51.1 jetson_allow=47.1 mode=0 cooldown=0 adcs=CORRECTING err_truth=3.450 err_est=2.779 conf=0.65 valid=1 stars=25 comms=DOWNLINK backlog=3892640 jetson_mode=THROTTLED job=none
[2026-04-26 23:53:34] [INFO] cycle=30 source=128.3 bus=47.1 noncompute=38.1 compute=52.7 jetson_allow=48.7 mode=0 cooldown=0 adcs=TRACKER_DEGRADED err_truth=3.539 err_est=2.870 conf=0.15 valid=0 stars=11 comms=DOWNLINK backlog=3884640 jetson_mode=THROTTLED job=none
[2026-04-26 23:53:34] [INFO] cycle=31 source=127.5 bus=50.1 noncompute=41.1 compute=49.8 jetson_allow=45.8 mode=0 cooldown=0 adcs=CORRECTING err_truth=3.623 err_est=3.003 conf=0.88 valid=1 stars=22 comms=DOWNLINK backlog=3876640 jetson_mode=THROTTLED job=none
[2026-04-26 23:53:34] [INFO] cycle=32 source=126.7 bus=47.2 noncompute=38.2 compute=51.4 jetson_allow=47.4 mode=0 cooldown=0 adcs=TRACKER_DEGRADED err_truth=3.699 err_est=3.081 conf=0.17 valid=0 stars=6 comms=DOWNLINK backlog=3868640 jetson_mode=THROTTLED job=none
[2026-04-26 23:53:34] [INFO] cycle=33 source=126.0 bus=50.2 noncompute=41.2 compute=48.5 jetson_allow=44.5 mode=0 cooldown=0 adcs=CORRECTING err_truth=3.769 err_est=3.181 conf=0.58 valid=1 stars=15 comms=DOWNLINK backlog=3860640 jetson_mode=THROTTLED job=none
[2026-04-26 23:53:34] [INFO] cycle=34 source=125.2 bus=47.3 noncompute=38.3 compute=50.2 jetson_allow=46.2 mode=0 cooldown=0 adcs=TRACKER_DEGRADED err_truth=3.832 err_est=3.245 conf=0.27 valid=0 stars=8 comms=DOWNLINK backlog=3852640 jetson_mode=THROTTLED job=none
[2026-04-26 23:53:34] [INFO] cycle=35 source=124.6 bus=50.3 noncompute=41.3 compute=47.5 jetson_allow=43.5 mode=0 cooldown=0 adcs=CORRECTING err_truth=3.887 err_est=3.331 conf=0.63 valid=1 stars=17 comms=DOWNLINK backlog=3844640 jetson_mode=THROTTLED job=none
[2026-04-26 23:53:34] [INFO] cycle=36 source=124.1 bus=50.4 noncompute=41.4 compute=47.0 jetson_allow=43.0 mode=0 cooldown=0 adcs=CORRECTING err_truth=3.934 err_est=3.405 conf=0.55 valid=1 stars=14 comms=DOWNLINK backlog=3836640 jetson_mode=THROTTLED job=none
[2026-04-26 23:53:34] [INFO] cycle=37 source=123.7 bus=39.5 noncompute=30.5 compute=54.9 jetson_allow=50.9 mode=0 cooldown=0 adcs=CORRECTING err_truth=3.974 err_est=3.477 conf=0.75 valid=1 stars=25 comms=STANDBY backlog=3836640 jetson_mode=IDLE job=none
[2026-04-26 23:53:34] [INFO] cycle=38 source=123.4 bus=39.5 noncompute=30.5 compute=54.7 jetson_allow=50.7 mode=0 cooldown=0 adcs=CORRECTING err_truth=4.006 err_est=3.546 conf=0.88 valid=1 stars=22 comms=STANDBY backlog=3836640 jetson_mode=IDLE job=none
[2026-04-26 23:53:34] [INFO] cycle=39 source=123.3 bus=39.6 noncompute=30.6 compute=54.6 jetson_allow=50.6 mode=0 cooldown=0 adcs=CORRECTING err_truth=4.031 err_est=3.590 conf=0.48 valid=1 stars=12 comms=STANDBY backlog=3836640 jetson_mode=IDLE job=none
[2026-04-26 23:53:34] [INFO] cycle=40 source=123.3 bus=36.6 noncompute=27.6 compute=56.8 jetson_allow=52.8 mode=0 cooldown=0 adcs=TRACKER_DEGRADED err_truth=4.050 err_est=3.610 conf=0.20 valid=0 stars=5 comms=STANDBY backlog=3836640 jetson_mode=IDLE job=none
[2026-04-26 23:53:34] [INFO] cycle=41 source=123.5 bus=39.7 noncompute=30.7 compute=54.6 jetson_allow=50.6 mode=0 cooldown=0 adcs=CORRECTING err_truth=4.062 err_est=3.651 conf=0.82 valid=1 stars=22 comms=STANDBY backlog=3836640 jetson_mode=IDLE job=none
[2026-04-26 23:53:35] [INFO] cycle=42 source=123.8 bus=36.7 noncompute=27.7 compute=57.0 jetson_allow=53.0 mode=0 cooldown=0 adcs=TRACKER_DEGRADED err_truth=4.069 err_est=3.659 conf=0.20 valid=0 stars=7 comms=STANDBY backlog=3836640 jetson_mode=IDLE job=none
[2026-04-26 23:53:35] [INFO] cycle=43 source=124.1 bus=36.8 noncompute=27.8 compute=57.3 jetson_allow=53.3 mode=0 cooldown=0 adcs=TRACKER_DEGRADED err_truth=4.071 err_est=3.662 conf=0.44 valid=0 stars=15 comms=STANDBY backlog=3836640 jetson_mode=IDLE job=none
[2026-04-26 23:53:35] [INFO] cycle=44 source=124.6 bus=40.8 noncompute=31.8 compute=54.6 jetson_allow=50.6 mode=0 cooldown=0 adcs=TRACKER_DEGRADED err_truth=4.030 err_est=3.621 conf=0.33 valid=0 stars=15 comms=STANDBY backlog=3836640 jetson_mode=IDLE job=none
[2026-04-26 23:53:35] [INFO] cycle=45 source=125.1 bus=43.9 noncompute=34.9 compute=52.7 jetson_allow=48.7 mode=0 cooldown=0 adcs=CORRECTING err_truth=3.955 err_est=3.562 conf=0.50 valid=1 stars=14 comms=STANDBY backlog=3836640 jetson_mode=IDLE job=none
[2026-04-26 23:53:36] [INFO] cycle=46 source=125.6 bus=39.9 noncompute=30.9 compute=56.0 jetson_allow=52.0 mode=0 cooldown=0 adcs=CORRECTING err_truth=3.853 err_est=3.477 conf=0.55 valid=1 stars=16 comms=STANDBY backlog=3836640 jetson_mode=IDLE job=none
[2026-04-26 23:53:36] [INFO] cycle=47 source=126.1 bus=36.9 noncompute=27.9 compute=58.6 jetson_allow=54.6 mode=0 cooldown=0 adcs=TRACKER_DEGRADED err_truth=3.730 err_est=3.353 conf=0.27 valid=0 stars=7 comms=STANDBY backlog=3836640 jetson_mode=IDLE job=none
[2026-04-26 23:53:36] [INFO] cycle=48 source=126.6 bus=37.0 noncompute=28.0 compute=59.0 jetson_allow=55.0 mode=0 cooldown=0 adcs=TRACKER_DEGRADED err_truth=3.592 err_est=3.213 conf=0.24 valid=0 stars=11 comms=STANDBY backlog=3836640 jetson_mode=IDLE job=none
[2026-04-26 23:53:36] [INFO] cycle=49 source=127.0 bus=47.0 noncompute=38.0 compute=51.7 jetson_allow=47.7 mode=0 cooldown=0 adcs=TRACKER_DEGRADED err_truth=3.444 err_est=3.065 conf=0.26 valid=0 stars=9 comms=STANDBY backlog=3836640 jetson_mode=IDLE job=none
[2026-04-26 23:53:36] [INFO] cycle=50 source=127.3 bus=37.0 noncompute=28.0 compute=59.4 jetson_allow=55.4 mode=0 cooldown=0 adcs=TRACKER_DEGRADED err_truth=3.291 err_est=2.911 conf=0.36 valid=0 stars=20 comms=STANDBY backlog=3836640 jetson_mode=IDLE job=none
[2026-04-26 23:53:36] [INFO] cycle=51 source=127.4 bus=37.0 noncompute=28.0 compute=59.6 jetson_allow=55.6 mode=0 cooldown=0 adcs=TRACKER_DEGRADED err_truth=3.137 err_est=2.755 conf=0.23 valid=0 stars=19 comms=STANDBY backlog=3836640 jetson_mode=IDLE job=none
[2026-04-26 23:53:36] [INFO] cycle=52 source=127.5 bus=37.0 noncompute=28.0 compute=59.6 jetson_allow=55.6 mode=0 cooldown=0 adcs=TRACKER_DEGRADED err_truth=2.985 err_est=2.602 conf=0.06 valid=0 stars=20 comms=STANDBY backlog=3836640 jetson_mode=IDLE job=none
[2026-04-26 23:53:36] [INFO] cycle=53 source=127.3 bus=37.1 noncompute=28.1 compute=59.5 jetson_allow=55.5 mode=0 cooldown=0 adcs=TRACKER_DEGRADED err_truth=2.837 err_est=2.453 conf=0.36 valid=0 stars=20 comms=STANDBY backlog=3836640 jetson_mode=IDLE job=none
[2026-04-26 23:53:36] [INFO] cycle=54 source=127.1 bus=40.1 noncompute=31.1 compute=57.0 jetson_allow=53.0 mode=0 cooldown=0 adcs=CORRECTING err_truth=2.696 err_est=2.328 conf=0.60 valid=1 stars=21 comms=STANDBY backlog=3836640 jetson_mode=IDLE job=none
[2026-04-26 23:53:36] [INFO] cycle=55 source=126.6 bus=50.1 noncompute=41.1 compute=49.1 jetson_allow=45.1 mode=0 cooldown=0 adcs=CORRECTING err_truth=2.561 err_est=2.213 conf=0.74 valid=1 stars=25 comms=STANDBY backlog=3836640 jetson_mode=IDLE job=none
[2026-04-26 23:53:36] [INFO] cycle=56 source=126.0 bus=37.1 noncompute=28.1 compute=58.4 jetson_allow=54.4 mode=0 cooldown=0 adcs=TRACKER_DEGRADED err_truth=2.435 err_est=2.086 conf=0.32 valid=0 stars=8 comms=STANDBY backlog=3836640 jetson_mode=IDLE job=none
[2026-04-26 23:53:36] [INFO] cycle=57 source=125.2 bus=37.1 noncompute=28.1 compute=57.8 jetson_allow=53.8 mode=0 cooldown=0 adcs=TRACKER_DEGRADED err_truth=2.319 err_est=1.967 conf=0.15 valid=0 stars=5 comms=STANDBY backlog=3836640 jetson_mode=IDLE job=none
[2026-04-26 23:53:36] [INFO] cycle=58 source=124.3 bus=37.2 noncompute=28.2 compute=57.1 jetson_allow=53.1 mode=0 cooldown=0 adcs=TRACKER_DEGRADED err_truth=2.212 err_est=1.859 conf=0.18 valid=0 stars=6 comms=STANDBY backlog=3836640 jetson_mode=IDLE job=none
[2026-04-26 23:53:36] [INFO] cycle=59 source=123.3 bus=51.2 noncompute=42.2 compute=45.8 jetson_allow=41.8 mode=0 cooldown=0 adcs=CORRECTING err_truth=2.114 err_est=1.784 conf=0.83 valid=1 stars=22 comms=DOWNLINK backlog=3828640 jetson_mode=THROTTLED job=none
[2026-04-26 23:53:36] [INFO] cycle=60 source=122.2 bus=51.2 noncompute=42.2 compute=45.0 jetson_allow=41.0 mode=0 cooldown=0 adcs=CORRECTING err_truth=2.027 err_est=1.712 conf=0.64 valid=1 stars=20 comms=DOWNLINK backlog=3820640 jetson_mode=THROTTLED job=none
[2026-04-26 23:53:36] [INFO] cycle=61 source=121.0 bus=58.2 noncompute=49.2 compute=38.8 jetson_allow=34.8 mode=0 cooldown=0 adcs=TRACKER_DEGRADED err_truth=1.948 err_est=1.634 conf=0.40 valid=0 stars=10 comms=DOWNLINK backlog=3812640 jetson_mode=THROTTLED job=none
[2026-04-26 23:53:36] [INFO] cycle=62 source=119.8 bus=51.2 noncompute=42.2 compute=43.2 jetson_allow=39.2 mode=0 cooldown=0 adcs=CORRECTING err_truth=1.877 err_est=1.577 conf=0.55 valid=1 stars=14 comms=DOWNLINK backlog=3804640 jetson_mode=THROTTLED job=none
[2026-04-26 23:53:36] [INFO] cycle=63 source=118.6 bus=51.2 noncompute=42.2 compute=42.3 jetson_allow=38.3 mode=0 cooldown=0 adcs=CORRECTING err_truth=1.815 err_est=1.535 conf=0.86 valid=1 stars=23 comms=DOWNLINK backlog=3796640 jetson_mode=THROTTLED job=none
[2026-04-26 23:53:36] [INFO] cycle=64 source=117.5 bus=51.3 noncompute=42.3 compute=41.4 jetson_allow=37.4 mode=0 cooldown=0 adcs=CORRECTING err_truth=1.761 err_est=1.500 conf=0.87 valid=1 stars=22 comms=DOWNLINK backlog=3788640 jetson_mode=THROTTLED job=none
[2026-04-26 23:53:36] [INFO] cycle=65 source=116.4 bus=51.3 noncompute=42.3 compute=40.6 jetson_allow=36.6 mode=0 cooldown=0 adcs=CORRECTING err_truth=1.704 err_est=1.460 conf=0.79 valid=1 stars=21 comms=DOWNLINK backlog=3780640 jetson_mode=THROTTLED job=none
[2026-04-26 23:53:36] [INFO] cycle=66 source=115.4 bus=55.3 noncompute=46.3 compute=36.8 jetson_allow=32.8 mode=0 cooldown=0 adcs=CORRECTING err_truth=1.650 err_est=1.422 conf=0.79 valid=1 stars=23 comms=DOWNLINK backlog=3772640 jetson_mode=THROTTLED job=none
[2026-04-26 23:53:36] [INFO] cycle=67 source=114.5 bus=54.3 noncompute=45.3 compute=36.9 jetson_allow=32.9 mode=0 cooldown=0 adcs=CORRECTING err_truth=1.604 err_est=1.395 conf=0.96 valid=1 stars=24 comms=STANDBY backlog=3772640 jetson_mode=IDLE job=none
[2026-04-26 23:53:37] [INFO] cycle=68 source=113.8 bus=37.3 noncompute=28.3 compute=49.1 jetson_allow=45.1 mode=0 cooldown=0 adcs=TRACKER_DEGRADED err_truth=1.573 err_est=1.368 conf=0.39 valid=0 stars=12 comms=STANDBY backlog=3772640 jetson_mode=IDLE job=none
[2026-04-26 23:53:37] [INFO] cycle=69 source=113.2 bus=37.4 noncompute=28.4 compute=48.7 jetson_allow=44.7 mode=0 cooldown=0 adcs=TRACKER_DEGRADED err_truth=1.560 err_est=1.362 conf=0.22 valid=0 stars=13 comms=STANDBY backlog=3772640 jetson_mode=IDLE job=none
[2026-04-26 23:53:37] [INFO] cycle=70 source=112.8 bus=40.4 noncompute=31.4 compute=46.1 jetson_allow=42.1 mode=0 cooldown=0 adcs=CORRECTING err_truth=1.568 err_est=1.388 conf=0.60 valid=1 stars=15 comms=STANDBY backlog=3772640 jetson_mode=IDLE job=none
[2026-04-26 23:53:37] [INFO] cycle=71 source=112.6 bus=37.4 noncompute=28.4 compute=48.1 jetson_allow=44.1 mode=0 cooldown=0 adcs=TRACKER_DEGRADED err_truth=1.596 err_est=1.427 conf=0.36 valid=0 stars=11 comms=STANDBY backlog=3772640 jetson_mode=IDLE job=none
[2026-04-26 23:53:37] [INFO] cycle=72 source=112.5 bus=37.4 noncompute=28.4 compute=48.1 jetson_allow=44.1 mode=0 cooldown=0 adcs=TRACKER_DEGRADED err_truth=1.643 err_est=1.486 conf=0.31 valid=0 stars=8 comms=STANDBY backlog=3772640 jetson_mode=IDLE job=none
[2026-04-26 23:53:37] [INFO] cycle=73 source=112.6 bus=47.4 noncompute=38.4 compute=40.6 jetson_allow=36.6 mode=0 cooldown=0 adcs=TRACKER_DEGRADED err_truth=1.705 err_est=1.560 conf=0.43 valid=0 stars=11 comms=STANDBY backlog=3772640 jetson_mode=IDLE job=none
[2026-04-26 23:53:37] [INFO] cycle=74 source=112.8 bus=37.5 noncompute=28.5 compute=48.3 jetson_allow=44.3 mode=0 cooldown=0 adcs=TRACKER_DEGRADED err_truth=1.779 err_est=1.647 conf=0.20 valid=0 stars=10 comms=STANDBY backlog=3772640 jetson_mode=IDLE job=none
[2026-04-26 23:53:37] [INFO] cycle=75 source=113.2 bus=37.5 noncompute=28.5 compute=48.5 jetson_allow=44.5 mode=0 cooldown=0 adcs=TRACKER_DEGRADED err_truth=1.860 err_est=1.739 conf=0.10 valid=0 stars=11 comms=STANDBY backlog=3772640 jetson_mode=IDLE job=none
[2026-04-26 23:53:37] [INFO] cycle=76 source=113.6 bus=40.5 noncompute=31.5 compute=46.6 jetson_allow=42.6 mode=0 cooldown=0 adcs=CORRECTING err_truth=1.944 err_est=1.840 conf=0.92 valid=1 stars=24 comms=STANDBY backlog=3772640 jetson_mode=IDLE job=none
[2026-04-26 23:53:37] [INFO] cycle=77 source=114.1 bus=40.5 noncompute=31.5 compute=46.9 jetson_allow=42.9 mode=0 cooldown=0 adcs=CORRECTING err_truth=2.029 err_est=1.937 conf=0.61 valid=1 stars=20 comms=STANDBY backlog=3772640 jetson_mode=IDLE job=none
[2026-04-26 23:53:37] [INFO] cycle=78 source=114.6 bus=40.5 noncompute=31.5 compute=47.3 jetson_allow=43.3 mode=0 cooldown=0 adcs=CORRECTING err_truth=2.112 err_est=2.030 conf=0.78 valid=1 stars=20 comms=STANDBY backlog=3772640 jetson_mode=IDLE job=none
[2026-04-26 23:53:37] [INFO] cycle=79 source=115.1 bus=47.6 noncompute=38.6 compute=42.4 jetson_allow=38.4 mode=0 cooldown=0 adcs=TRACKER_DEGRADED err_truth=2.191 err_est=2.114 conf=0.29 valid=0 stars=23 comms=STANDBY backlog=3772640 jetson_mode=IDLE job=none
[2026-04-26 23:53:37] [INFO] Pi flight software exiting
