[2026-04-26 01:42:29] [INFO] Pi flight software starting
[2026-04-26 01:42:29] [INFO] Pi flight running with local Jetson transport
[2026-04-26 01:42:30] [INFO] captured dataset_0 (1336x1336) stages=4
[2026-04-26 01:42:30] [INFO] cycle=0 source=119.6 bus=63.0 noncompute=40.0 compute=44.7 jetson_allow=36.7 mode=0 cooldown=0 adcs=TRACKER_DEGRADED err_truth=1.742 err_est=0.023 conf=0.10 valid=0 stars=18 comms=READY backlog=786672 jetson_mode=ACTIVE job=refine
[2026-04-26 01:42:30] [INFO] cycle=1 source=119.2 bus=64.0 noncompute=51.0 compute=36.2 jetson_allow=28.2 mode=0 cooldown=0 adcs=TRACKER_DEGRADED err_truth=1.765 err_est=0.045 conf=0.24 valid=0 stars=8 comms=DOWNLINK backlog=778672 jetson_mode=THROTTLED job=none
[2026-04-26 01:42:30] [INFO] cycle=2 source=118.9 bus=67.0 noncompute=54.0 compute=33.7 jetson_allow=25.7 mode=0 cooldown=0 adcs=CORRECTING err_truth=1.788 err_est=0.162 conf=0.68 valid=1 stars=17 comms=DOWNLINK backlog=770672 jetson_mode=THROTTLED job=none
[2026-04-26 01:42:30] [INFO] cycle=3 source=118.7 bus=50.0 noncompute=37.0 compute=46.3 jetson_allow=38.3 mode=0 cooldown=0 adcs=TRACKER_DEGRADED err_truth=1.811 err_est=0.186 conf=0.39 valid=0 stars=14 comms=DOWNLINK backlog=762672 jetson_mode=THROTTLED job=none
[2026-04-26 01:42:30] [INFO] cycle=4 source=118.6 bus=50.0 noncompute=37.0 compute=46.2 jetson_allow=38.2 mode=0 cooldown=0 adcs=TRACKER_DEGRADED err_truth=1.833 err_est=0.209 conf=0.37 valid=0 stars=11 comms=DOWNLINK backlog=754672 jetson_mode=THROTTLED job=none
[2026-04-26 01:42:30] [INFO] cycle=5 source=118.6 bus=53.1 noncompute=40.1 compute=43.9 jetson_allow=35.9 mode=0 cooldown=0 adcs=CORRECTING err_truth=1.856 err_est=0.296 conf=0.49 valid=1 stars=16 comms=DOWNLINK backlog=746672 jetson_mode=THROTTLED job=none
[2026-04-26 01:42:30] [INFO] cycle=6 source=118.8 bus=53.1 noncompute=40.1 compute=44.1 jetson_allow=36.1 mode=0 cooldown=0 adcs=CORRECTING err_truth=1.879 err_est=0.397 conf=0.63 valid=1 stars=23 comms=DOWNLINK backlog=738672 jetson_mode=THROTTLED job=none
[2026-04-26 01:42:30] [INFO] cycle=7 source=119.1 bus=52.1 noncompute=29.1 compute=52.5 jetson_allow=44.5 mode=0 cooldown=0 adcs=CORRECTING err_truth=1.902 err_est=0.476 conf=0.46 valid=1 stars=12 comms=STANDBY backlog=3884640 jetson_mode=ACTIVE job=refine
[2026-04-26 01:42:30] [INFO] cycle=8 source=119.6 bus=52.1 noncompute=29.1 compute=52.9 jetson_allow=44.9 mode=0 cooldown=0 adcs=CORRECTING err_truth=1.925 err_est=0.551 conf=0.45 valid=1 stars=12 comms=STANDBY backlog=16467792 jetson_mode=ACTIVE job=refine
[2026-04-26 01:42:30] [INFO] cycle=9 source=120.2 bus=47.1 noncompute=29.1 compute=53.3 jetson_allow=45.3 mode=1 cooldown=0 adcs=CORRECTING err_truth=1.948 err_est=0.637 conf=0.57 valid=1 stars=15 comms=STANDBY backlog=41633752 jetson_mode=ACTIVE job=coarse
[2026-04-26 01:42:30] [INFO] cycle=10 source=120.9 bus=39.1 noncompute=26.1 compute=56.1 jetson_allow=48.1 mode=1 cooldown=0 adcs=TRACKER_DEGRADED err_truth=1.971 err_est=0.660 conf=0.27 valid=0 stars=8 comms=STANDBY backlog=41633752 jetson_mode=IDLE job=none
[2026-04-26 01:42:30] [INFO] cycle=11 source=121.8 bus=39.1 noncompute=26.1 compute=56.8 jetson_allow=48.8 mode=1 cooldown=0 adcs=TRACKER_DEGRADED err_truth=1.994 err_est=0.683 conf=0.33 valid=0 stars=9 comms=STANDBY backlog=41633752 jetson_mode=IDLE job=none
[2026-04-26 01:42:30] [INFO] cycle=12 source=122.8 bus=42.2 noncompute=29.2 compute=55.2 jetson_allow=47.2 mode=1 cooldown=0 adcs=CORRECTING err_truth=2.017 err_est=0.805 conf=0.95 valid=1 stars=24 comms=STANDBY backlog=41633752 jetson_mode=IDLE job=none
[2026-04-26 01:42:30] [INFO] cycle=13 source=123.8 bus=39.2 noncompute=26.2 compute=58.2 jetson_allow=50.2 mode=1 cooldown=0 adcs=TRACKER_DEGRADED err_truth=2.040 err_est=0.828 conf=0.18 valid=0 stars=10 comms=STANDBY backlog=41633752 jetson_mode=IDLE job=none
[2026-04-26 01:42:30] [INFO] cycle=14 source=124.9 bus=42.2 noncompute=29.2 compute=56.8 jetson_allow=48.8 mode=1 cooldown=0 adcs=CORRECTING err_truth=2.063 err_est=0.913 conf=0.63 valid=1 stars=16 comms=STANDBY backlog=41633752 jetson_mode=IDLE job=none
[2026-04-26 01:42:30] [INFO] cycle=15 source=126.0 bus=39.2 noncompute=26.2 compute=59.8 jetson_allow=51.8 mode=1 cooldown=0 adcs=TRACKER_DEGRADED err_truth=2.086 err_est=0.935 conf=0.10 valid=0 stars=8 comms=STANDBY backlog=41633752 jetson_mode=IDLE job=none
[2026-04-26 01:42:30] [INFO] cycle=16 source=127.0 bus=39.2 noncompute=26.2 compute=60.6 jetson_allow=52.6 mode=1 cooldown=0 adcs=TRACKER_DEGRADED err_truth=2.108 err_est=0.957 conf=0.25 valid=0 stars=7 comms=STANDBY backlog=41633752 jetson_mode=IDLE job=none
[2026-04-26 01:42:30] [INFO] cycle=17 source=128.0 bus=42.3 noncompute=29.3 compute=59.1 jetson_allow=51.1 mode=1 cooldown=0 adcs=CORRECTING err_truth=2.131 err_est=1.025 conf=0.48 valid=1 stars=13 comms=STANDBY backlog=41633752 jetson_mode=IDLE job=none
[2026-04-26 01:42:30] [INFO] cycle=18 source=129.0 bus=42.3 noncompute=29.3 compute=59.8 jetson_allow=51.8 mode=1 cooldown=0 adcs=CORRECTING err_truth=2.154 err_est=1.094 conf=0.52 valid=1 stars=13 comms=STANDBY backlog=41633752 jetson_mode=IDLE job=none
[2026-04-26 01:42:30] [INFO] cycle=19 source=129.8 bus=39.3 noncompute=26.3 compute=62.6 jetson_allow=54.6 mode=1 cooldown=0 adcs=TRACKER_DEGRADED err_truth=2.177 err_est=1.116 conf=0.28 valid=0 stars=12 comms=STANDBY backlog=41633752 jetson_mode=IDLE job=none
[2026-04-26 01:42:30] [INFO] cycle=20 source=130.4 bus=42.3 noncompute=29.3 compute=60.8 jetson_allow=52.8 mode=1 cooldown=0 adcs=CORRECTING err_truth=2.235 err_est=1.218 conf=0.53 valid=1 stars=15 comms=STANDBY backlog=41633752 jetson_mode=IDLE job=none
[2026-04-26 01:42:30] [INFO] cycle=21 source=130.9 bus=42.4 noncompute=29.4 compute=61.2 jetson_allow=53.2 mode=1 cooldown=0 adcs=CORRECTING err_truth=2.292 err_est=1.351 conf=0.94 valid=1 stars=24 comms=STANDBY backlog=41633752 jetson_mode=IDLE job=none
[2026-04-26 01:42:30] [INFO] cycle=22 source=131.3 bus=42.4 noncompute=29.4 compute=61.4 jetson_allow=53.4 mode=1 cooldown=0 adcs=CORRECTING err_truth=2.350 err_est=1.445 conf=0.47 valid=1 stars=13 comms=STANDBY backlog=41633752 jetson_mode=IDLE job=none
[2026-04-26 01:42:30] [INFO] cycle=23 source=131.4 bus=42.5 noncompute=29.5 compute=61.5 jetson_allow=53.5 mode=1 cooldown=0 adcs=CORRECTING err_truth=2.408 err_est=1.548 conf=0.62 valid=1 stars=20 comms=STANDBY backlog=41633752 jetson_mode=IDLE job=none
[2026-04-26 01:42:30] [INFO] cycle=24 source=131.4 bus=42.5 noncompute=29.5 compute=61.5 jetson_allow=53.5 mode=1 cooldown=0 adcs=CORRECTING err_truth=2.466 err_est=1.658 conf=0.76 valid=1 stars=24 comms=STANDBY backlog=41633752 jetson_mode=IDLE job=none
[2026-04-26 01:42:30] [INFO] cycle=25 source=131.2 bus=42.5 noncompute=29.5 compute=61.3 jetson_allow=53.3 mode=1 cooldown=0 adcs=CORRECTING err_truth=2.524 err_est=1.760 conf=0.68 valid=1 stars=17 comms=STANDBY backlog=41633752 jetson_mode=IDLE job=none
[2026-04-26 01:42:30] [INFO] cycle=26 source=130.9 bus=42.6 noncompute=29.6 compute=61.0 jetson_allow=53.0 mode=1 cooldown=0 adcs=CORRECTING err_truth=2.582 err_est=1.861 conf=0.71 valid=1 stars=23 comms=STANDBY backlog=41633752 jetson_mode=IDLE job=none
[2026-04-26 01:42:30] [INFO] cycle=27 source=130.4 bus=39.6 noncompute=26.6 compute=62.8 jetson_allow=54.8 mode=1 cooldown=0 adcs=TRACKER_DEGRADED err_truth=2.641 err_est=1.921 conf=0.18 valid=0 stars=9 comms=STANDBY backlog=41633752 jetson_mode=IDLE job=none
[2026-04-26 01:42:30] [INFO] cycle=28 source=129.8 bus=39.6 noncompute=26.6 compute=62.4 jetson_allow=54.4 mode=1 cooldown=0 adcs=TRACKER_DEGRADED err_truth=2.699 err_est=1.980 conf=0.37 valid=0 stars=14 comms=STANDBY backlog=41633752 jetson_mode=IDLE job=none
[2026-04-26 01:42:30] [INFO] cycle=29 source=129.1 bus=53.7 noncompute=40.7 compute=51.3 jetson_allow=43.3 mode=1 cooldown=0 adcs=CORRECTING err_truth=2.758 err_est=2.077 conf=0.65 valid=1 stars=25 comms=DOWNLINK backlog=41625752 jetson_mode=THROTTLED job=none
[2026-04-26 01:42:30] [INFO] cycle=30 source=128.3 bus=50.7 noncompute=37.7 compute=52.9 jetson_allow=44.9 mode=1 cooldown=0 adcs=TRACKER_DEGRADED err_truth=2.817 err_est=2.135 conf=0.15 valid=0 stars=11 comms=DOWNLINK backlog=41617752 jetson_mode=THROTTLED job=none
[2026-04-26 01:42:30] [INFO] cycle=31 source=127.5 bus=53.8 noncompute=40.8 compute=50.1 jetson_allow=42.1 mode=1 cooldown=0 adcs=CORRECTING err_truth=2.875 err_est=2.242 conf=0.88 valid=1 stars=22 comms=DOWNLINK backlog=41609752 jetson_mode=THROTTLED job=none
[2026-04-26 01:42:30] [INFO] cycle=32 source=126.7 bus=50.8 noncompute=37.8 compute=51.7 jetson_allow=43.7 mode=1 cooldown=0 adcs=TRACKER_DEGRADED err_truth=2.934 err_est=2.301 conf=0.17 valid=0 stars=6 comms=DOWNLINK backlog=41601752 jetson_mode=THROTTLED job=none
[2026-04-26 01:42:30] [INFO] cycle=33 source=126.0 bus=53.9 noncompute=40.9 compute=48.8 jetson_allow=40.8 mode=1 cooldown=0 adcs=CORRECTING err_truth=2.993 err_est=2.390 conf=0.58 valid=1 stars=15 comms=DOWNLINK backlog=41593752 jetson_mode=THROTTLED job=none
[2026-04-26 01:42:30] [INFO] cycle=34 source=125.2 bus=50.9 noncompute=37.9 compute=50.5 jetson_allow=42.5 mode=1 cooldown=0 adcs=TRACKER_DEGRADED err_truth=3.052 err_est=2.449 conf=0.27 valid=0 stars=8 comms=DOWNLINK backlog=41585752 jetson_mode=THROTTLED job=none
[2026-04-26 01:42:30] [INFO] cycle=35 source=124.6 bus=54.0 noncompute=41.0 compute=47.7 jetson_allow=39.7 mode=1 cooldown=0 adcs=CORRECTING err_truth=3.112 err_est=2.540 conf=0.63 valid=1 stars=17 comms=DOWNLINK backlog=41577752 jetson_mode=THROTTLED job=none
[2026-04-26 01:42:30] [INFO] cycle=36 source=124.1 bus=54.0 noncompute=41.0 compute=47.3 jetson_allow=39.3 mode=1 cooldown=0 adcs=CORRECTING err_truth=3.171 err_est=2.625 conf=0.55 valid=1 stars=14 comms=DOWNLINK backlog=41569752 jetson_mode=THROTTLED job=none
[2026-04-26 01:42:30] [INFO] cycle=37 source=123.7 bus=43.1 noncompute=30.1 compute=55.2 jetson_allow=47.2 mode=1 cooldown=0 adcs=CORRECTING err_truth=3.230 err_est=2.717 conf=0.75 valid=1 stars=25 comms=STANDBY backlog=41569752 jetson_mode=IDLE job=none
[2026-04-26 01:42:30] [INFO] cycle=38 source=123.4 bus=43.1 noncompute=30.1 compute=55.0 jetson_allow=47.0 mode=1 cooldown=0 adcs=CORRECTING err_truth=3.289 err_est=2.814 conf=0.88 valid=1 stars=22 comms=STANDBY backlog=41569752 jetson_mode=IDLE job=none
[2026-04-26 01:42:30] [INFO] cycle=39 source=123.3 bus=43.2 noncompute=30.2 compute=54.8 jetson_allow=46.8 mode=1 cooldown=0 adcs=CORRECTING err_truth=3.349 err_est=2.892 conf=0.48 valid=1 stars=12 comms=STANDBY backlog=41569752 jetson_mode=IDLE job=none
[2026-04-26 01:42:30] [INFO] cycle=40 source=123.3 bus=40.2 noncompute=27.2 compute=57.1 jetson_allow=49.1 mode=1 cooldown=0 adcs=TRACKER_DEGRADED err_truth=3.408 err_est=2.952 conf=0.20 valid=0 stars=5 comms=STANDBY backlog=41569752 jetson_mode=IDLE job=none
[2026-04-26 01:42:30] [INFO] cycle=41 source=123.5 bus=43.3 noncompute=30.3 compute=54.9 jetson_allow=46.9 mode=1 cooldown=0 adcs=CORRECTING err_truth=3.468 err_est=3.042 conf=0.82 valid=1 stars=22 comms=STANDBY backlog=41569752 jetson_mode=IDLE job=none
[2026-04-26 01:42:30] [INFO] cycle=42 source=123.8 bus=40.4 noncompute=27.4 compute=57.3 jetson_allow=49.3 mode=1 cooldown=0 adcs=TRACKER_DEGRADED err_truth=3.527 err_est=3.102 conf=0.20 valid=0 stars=7 comms=STANDBY backlog=41569752 jetson_mode=IDLE job=none
[2026-04-26 01:42:30] [INFO] cycle=43 source=124.1 bus=40.4 noncompute=27.4 compute=57.5 jetson_allow=49.5 mode=1 cooldown=0 adcs=TRACKER_DEGRADED err_truth=3.587 err_est=3.162 conf=0.44 valid=0 stars=15 comms=STANDBY backlog=41569752 jetson_mode=IDLE job=none
[2026-04-26 01:42:31] [INFO] cycle=44 source=124.6 bus=40.5 noncompute=27.5 compute=57.8 jetson_allow=49.8 mode=1 cooldown=0 adcs=TRACKER_DEGRADED err_truth=3.609 err_est=3.184 conf=0.33 valid=0 stars=15 comms=STANDBY backlog=41569752 jetson_mode=IDLE job=none
[2026-04-26 01:42:31] [INFO] cycle=45 source=125.1 bus=43.5 noncompute=30.5 compute=55.9 jetson_allow=47.9 mode=1 cooldown=0 adcs=CORRECTING err_truth=3.632 err_est=3.224 conf=0.50 valid=1 stars=14 comms=STANDBY backlog=41569752 jetson_mode=IDLE job=none
[2026-04-26 01:42:31] [INFO] cycle=46 source=125.6 bus=43.6 noncompute=30.6 compute=56.3 jetson_allow=48.3 mode=1 cooldown=0 adcs=CORRECTING err_truth=3.655 err_est=3.265 conf=0.55 valid=1 stars=16 comms=STANDBY backlog=41569752 jetson_mode=IDLE job=none
[2026-04-26 01:42:31] [INFO] cycle=47 source=126.1 bus=40.6 noncompute=27.6 compute=58.9 jetson_allow=50.9 mode=1 cooldown=0 adcs=TRACKER_DEGRADED err_truth=3.678 err_est=3.287 conf=0.27 valid=0 stars=7 comms=STANDBY backlog=41569752 jetson_mode=IDLE job=none
[2026-04-26 01:42:31] [INFO] cycle=48 source=126.6 bus=40.7 noncompute=27.7 compute=59.2 jetson_allow=51.2 mode=1 cooldown=0 adcs=TRACKER_DEGRADED err_truth=3.700 err_est=3.309 conf=0.24 valid=0 stars=11 comms=STANDBY backlog=41569752 jetson_mode=IDLE job=none
[2026-04-26 01:42:31] [INFO] cycle=49 source=127.0 bus=50.7 noncompute=37.7 compute=51.9 jetson_allow=43.9 mode=1 cooldown=0 adcs=TRACKER_DEGRADED err_truth=3.723 err_est=3.332 conf=0.26 valid=0 stars=9 comms=STANDBY backlog=41569752 jetson_mode=IDLE job=none
[2026-04-26 01:42:31] [INFO] cycle=50 source=127.3 bus=40.8 noncompute=27.8 compute=59.6 jetson_allow=51.6 mode=1 cooldown=0 adcs=TRACKER_DEGRADED err_truth=3.746 err_est=3.354 conf=0.36 valid=0 stars=20 comms=STANDBY backlog=41569752 jetson_mode=IDLE job=none
[2026-04-26 01:42:31] [INFO] cycle=51 source=127.4 bus=40.9 noncompute=27.9 compute=59.7 jetson_allow=51.7 mode=1 cooldown=0 adcs=TRACKER_DEGRADED err_truth=3.768 err_est=3.377 conf=0.23 valid=0 stars=19 comms=STANDBY backlog=41569752 jetson_mode=IDLE job=none
[2026-04-26 01:42:31] [INFO] cycle=52 source=127.5 bus=40.9 noncompute=27.9 compute=59.7 jetson_allow=51.7 mode=1 cooldown=0 adcs=TRACKER_DEGRADED err_truth=3.791 err_est=3.399 conf=0.06 valid=0 stars=20 comms=STANDBY backlog=41569752 jetson_mode=IDLE job=none
[2026-04-26 01:42:31] [INFO] cycle=53 source=127.3 bus=41.0 noncompute=28.0 compute=59.5 jetson_allow=51.5 mode=1 cooldown=0 adcs=TRACKER_DEGRADED err_truth=3.814 err_est=3.422 conf=0.36 valid=0 stars=20 comms=STANDBY backlog=41569752 jetson_mode=IDLE job=none
[2026-04-26 01:42:31] [INFO] cycle=54 source=127.1 bus=44.0 noncompute=31.0 compute=57.0 jetson_allow=49.0 mode=1 cooldown=0 adcs=CORRECTING err_truth=3.837 err_est=3.463 conf=0.60 valid=1 stars=21 comms=STANDBY backlog=41569752 jetson_mode=IDLE job=none
[2026-04-26 01:42:31] [INFO] cycle=55 source=126.6 bus=54.1 noncompute=41.1 compute=49.1 jetson_allow=41.1 mode=1 cooldown=0 adcs=CORRECTING err_truth=3.859 err_est=3.507 conf=0.74 valid=1 stars=25 comms=STANDBY backlog=41569752 jetson_mode=IDLE job=none
[2026-04-26 01:42:31] [INFO] cycle=56 source=126.0 bus=41.2 noncompute=28.2 compute=58.4 jetson_allow=50.4 mode=1 cooldown=0 adcs=TRACKER_DEGRADED err_truth=3.882 err_est=3.529 conf=0.32 valid=0 stars=8 comms=STANDBY backlog=41569752 jetson_mode=IDLE job=none
[2026-04-26 01:42:31] [INFO] cycle=57 source=125.2 bus=41.2 noncompute=28.2 compute=57.7 jetson_allow=49.7 mode=1 cooldown=0 adcs=TRACKER_DEGRADED err_truth=3.905 err_est=3.552 conf=0.15 valid=0 stars=5 comms=STANDBY backlog=41569752 jetson_mode=IDLE job=none
[2026-04-26 01:42:31] [INFO] cycle=58 source=124.3 bus=41.3 noncompute=28.3 compute=57.0 jetson_allow=49.0 mode=1 cooldown=0 adcs=TRACKER_DEGRADED err_truth=3.928 err_est=3.574 conf=0.18 valid=0 stars=6 comms=STANDBY backlog=41569752 jetson_mode=IDLE job=none
[2026-04-26 01:42:31] [INFO] cycle=59 source=123.3 bus=55.3 noncompute=42.3 compute=45.7 jetson_allow=37.7 mode=1 cooldown=0 adcs=CORRECTING err_truth=3.950 err_est=3.620 conf=0.83 valid=1 stars=22 comms=DOWNLINK backlog=41561752 jetson_mode=THROTTLED job=none
[2026-04-26 01:42:31] [INFO] cycle=60 source=122.2 bus=55.4 noncompute=42.4 compute=44.8 jetson_allow=36.8 mode=1 cooldown=0 adcs=CORRECTING err_truth=3.973 err_est=3.660 conf=0.64 valid=1 stars=20 comms=DOWNLINK backlog=41553752 jetson_mode=THROTTLED job=none
[2026-04-26 01:42:31] [INFO] cycle=61 source=121.0 bus=62.5 noncompute=49.5 compute=38.6 jetson_allow=30.6 mode=1 cooldown=0 adcs=TRACKER_DEGRADED err_truth=3.996 err_est=3.683 conf=0.40 valid=0 stars=10 comms=DOWNLINK backlog=41545752 jetson_mode=THROTTLED job=none
[2026-04-26 01:42:31] [INFO] cycle=62 source=119.8 bus=55.5 noncompute=42.5 compute=43.0 jetson_allow=35.0 mode=1 cooldown=0 adcs=CORRECTING err_truth=4.018 err_est=3.719 conf=0.55 valid=1 stars=14 comms=DOWNLINK backlog=41537752 jetson_mode=THROTTLED job=none
[2026-04-26 01:42:31] [INFO] cycle=63 source=118.6 bus=55.6 noncompute=42.6 compute=42.0 jetson_allow=34.0 mode=1 cooldown=0 adcs=CORRECTING err_truth=4.041 err_est=3.762 conf=0.86 valid=1 stars=23 comms=DOWNLINK backlog=41529752 jetson_mode=THROTTLED job=none
[2026-04-26 01:42:31] [INFO] cycle=64 source=117.5 bus=55.7 noncompute=42.7 compute=41.1 jetson_allow=33.1 mode=1 cooldown=0 adcs=CORRECTING err_truth=4.064 err_est=3.805 conf=0.87 valid=1 stars=22 comms=DOWNLINK backlog=41521752 jetson_mode=THROTTLED job=none
[2026-04-26 01:42:31] [INFO] cycle=65 source=116.4 bus=55.7 noncompute=42.7 compute=40.2 jetson_allow=32.2 mode=1 cooldown=0 adcs=CORRECTING err_truth=4.074 err_est=3.831 conf=0.79 valid=1 stars=21 comms=DOWNLINK backlog=41513752 jetson_mode=THROTTLED job=none
[2026-04-26 01:42:31] [INFO] cycle=66 source=115.4 bus=55.8 noncompute=42.8 compute=39.5 jetson_allow=31.5 mode=1 cooldown=0 adcs=CORRECTING err_truth=4.085 err_est=3.857 conf=0.79 valid=1 stars=23 comms=DOWNLINK backlog=41505752 jetson_mode=THROTTLED job=none
[2026-04-26 01:42:31] [INFO] cycle=67 source=114.5 bus=54.8 noncompute=41.8 compute=39.5 jetson_allow=31.5 mode=1 cooldown=0 adcs=CORRECTING err_truth=4.096 err_est=3.885 conf=0.96 valid=1 stars=24 comms=STANDBY backlog=41505752 jetson_mode=IDLE job=none
[2026-04-26 01:42:31] [INFO] cycle=68 source=113.8 bus=41.9 noncompute=28.9 compute=48.7 jetson_allow=40.7 mode=1 cooldown=0 adcs=TRACKER_DEGRADED err_truth=4.108 err_est=3.897 conf=0.39 valid=0 stars=12 comms=STANDBY backlog=41505752 jetson_mode=IDLE job=none
[2026-04-26 01:42:31] [INFO] cycle=69 source=113.2 bus=42.0 noncompute=29.0 compute=48.2 jetson_allow=40.2 mode=1 cooldown=0 adcs=TRACKER_DEGRADED err_truth=4.120 err_est=3.909 conf=0.22 valid=0 stars=13 comms=STANDBY backlog=41505752 jetson_mode=IDLE job=none
[2026-04-26 01:42:31] [INFO] cycle=70 source=112.8 bus=45.0 noncompute=32.0 compute=45.6 jetson_allow=37.6 mode=1 cooldown=0 adcs=CORRECTING err_truth=4.132 err_est=3.931 conf=0.60 valid=1 stars=15 comms=STANDBY backlog=41505752 jetson_mode=IDLE job=none
[2026-04-26 01:42:31] [INFO] cycle=71 source=112.6 bus=42.1 noncompute=29.1 compute=47.6 jetson_allow=39.6 mode=1 cooldown=0 adcs=TRACKER_DEGRADED err_truth=4.145 err_est=3.944 conf=0.36 valid=0 stars=11 comms=STANDBY backlog=41505752 jetson_mode=IDLE job=none
[2026-04-26 01:42:31] [INFO] cycle=72 source=112.5 bus=42.2 noncompute=29.2 compute=47.5 jetson_allow=39.5 mode=1 cooldown=0 adcs=TRACKER_DEGRADED err_truth=4.159 err_est=3.958 conf=0.31 valid=0 stars=8 comms=STANDBY backlog=41505752 jetson_mode=IDLE job=none
[2026-04-26 01:42:31] [INFO] cycle=73 source=112.6 bus=52.2 noncompute=39.2 compute=40.0 jetson_allow=32.0 mode=1 cooldown=0 adcs=TRACKER_DEGRADED err_truth=4.173 err_est=3.971 conf=0.43 valid=0 stars=11 comms=STANDBY backlog=41505752 jetson_mode=IDLE job=none
[2026-04-26 01:42:31] [INFO] cycle=74 source=112.8 bus=42.3 noncompute=29.3 compute=47.6 jetson_allow=39.6 mode=1 cooldown=0 adcs=TRACKER_DEGRADED err_truth=4.187 err_est=3.986 conf=0.20 valid=0 stars=10 comms=STANDBY backlog=41505752 jetson_mode=IDLE job=none
[2026-04-26 01:42:31] [INFO] cycle=75 source=113.2 bus=42.4 noncompute=29.4 compute=47.8 jetson_allow=39.8 mode=1 cooldown=0 adcs=TRACKER_DEGRADED err_truth=4.202 err_est=4.001 conf=0.10 valid=0 stars=11 comms=STANDBY backlog=41505752 jetson_mode=IDLE job=none
[2026-04-26 01:42:31] [INFO] cycle=76 source=113.6 bus=45.4 noncompute=32.4 compute=45.9 jetson_allow=37.9 mode=1 cooldown=0 adcs=CORRECTING err_truth=4.217 err_est=4.031 conf=0.92 valid=1 stars=24 comms=STANDBY backlog=41505752 jetson_mode=IDLE job=none
[2026-04-26 01:42:31] [INFO] cycle=77 source=114.1 bus=45.5 noncompute=32.5 compute=46.2 jetson_allow=38.2 mode=1 cooldown=0 adcs=CORRECTING err_truth=4.232 err_est=4.056 conf=0.61 valid=1 stars=20 comms=STANDBY backlog=41505752 jetson_mode=IDLE job=none
[2026-04-26 01:42:31] [INFO] cycle=78 source=114.6 bus=45.6 noncompute=32.6 compute=46.5 jetson_allow=38.5 mode=1 cooldown=0 adcs=CORRECTING err_truth=4.248 err_est=4.083 conf=0.78 valid=1 stars=20 comms=STANDBY backlog=41505752 jetson_mode=IDLE job=none
[2026-04-26 01:42:31] [INFO] cycle=79 source=115.1 bus=52.6 noncompute=39.6 compute=41.6 jetson_allow=33.6 mode=1 cooldown=0 adcs=TRACKER_DEGRADED err_truth=4.265 err_est=4.100 conf=0.29 valid=0 stars=23 comms=STANDBY backlog=41505752 jetson_mode=IDLE job=none
[2026-04-26 01:42:31] [INFO] Pi flight software exiting
